None |         "domain": ".twitter.com",
None |     {
None |         "expirationDate": 1817657467.689553,
None |         "hostOnly": false,
None |         "httpOnly": false,
harakihi1970 | [
    {
        "domain": ".twitter.com",
        "expirationDate": 1723059250.020139,
        "hostOnly": false,
        "httpOnly": false,
        "name": "guest_id",
        "path": "/",
        "sameSite": "no_restriction",
        "secure": true,
        "session": false,
        "storeId": null,
        "value": "v1%3A165998725023807584"
    },
    {
        "domain": ".twitter.com",
        "expirationDate": 1660032405,
        "hostOnly": false,
        "httpOnly": false,
        "name": "_gat",
        "path": "/",
        "sameSite": null,
        "secure": false,
        "session": false,
        "storeId": null,
        "value": "1"
    },
    {
        "domain": ".twitter.com",
        "expirationDate": 1723104345,
        "hostOnly": false,
        "httpOnly": false,
        "name": "_ga",
        "path": "/",
        "sameSite": null,
        "secure": false,
        "session": false,
        "storeId": null,
        "value": "GA1.2.258050706.1659987252"
    },
    {
        "domain": ".twitter.com",
        "expirationDate": 1660118745,
        "hostOnly": false,
        "httpOnly": false,
        "name": "_gid",
        "path": "/",
        "sameSite": null,
        "secure": false,
        "session": false,
        "storeId": null,
        "value": "GA1.2.102669828.1659987252"
    },
    {
        "domain": "twitter.com",
        "expirationDate": 1660073659,
        "hostOnly": true,
        "httpOnly": false,
        "name": "_sl",
        "path": "/",
        "sameSite": null,
        "secure": true,
        "session": false,
        "storeId": null,
        "value": "1"
    },
    {
        "domain": ".twitter.com",
        "hostOnly": false,
        "httpOnly": true,
        "name": "_twitter_sess",
        "path": "/",
        "sameSite": null,
        "secure": true,
        "session": true,
        "storeId": null,
        "value": "BAh7CSIKZmxhc2hJQzonQWN0aW9uQ29udHJvbGxlcjo6Rmxhc2g6OkZsYXNo%250ASGFzaHsABjoKQHVzZWR7ADoPY3JlYXRlZF9hdGwrCKtz836CAToMY3NyZl9p%250AZCIlY2YzOWY5NTNiY2EwMWQ1YjAxNzU3ZGU3ZDAwZjQxNTM6B2lkIiUzM2Ew%250AZWJlNDhkMDRkMDk0ZGRmY2FhN2E3YmNjM2RjMA%253D%253D--8e88d7ab43f2620b821030d7c3959fdd818fb04b"
    },
    {
        "domain": ".twitter.com",
        "expirationDate": 1817667268.762602,
        "hostOnly": false,
        "httpOnly": true,
        "name": "auth_token",
        "path": "/",
        "sameSite": "no_restriction",
        "secure": true,
        "session": false,
        "storeId": null,
        "value": "108285bc68e48531a3b47e76eeae28fc6302a383"
    },
    {
        "domain": ".twitter.com",
        "expirationDate": 1817667268.988875,
        "hostOnly": false,
        "httpOnly": false,
        "name": "ct0",
        "path": "/",
        "sameSite": "lax",
        "secure": true,
        "session": false,
        "storeId": null,
        "value": "93d39f8bcec97c85c14ef4ddc23ac0a17a04e07d46ae0cb020524fa11bd017921b4d284afe8b1bd621f7394b682d684a6b0ff32a4fc960b0534587ee0dda3d45180ed42a8513ae79d0b0033f93618b6e"
    },
    {
        "domain": ".twitter.com",
        "expirationDate": 1660041379.503665,
        "hostOnly": false,
        "httpOnly": false,
        "name": "gt",
        "path": "/",
        "sameSite": null,
        "secure": true,
        "session": false,
        "storeId": null,
        "value": "1556907206481793025"
    },
    {
        "domain": ".twitter.com",
        "expirationDate": 1723059250.020102,
        "hostOnly": false,
        "httpOnly": false,
        "name": "guest_id_ads",
        "path": "/",
        "sameSite": "no_restriction",
        "secure": true,
        "session": false,
        "storeId": null,
        "value": "v1%3A165998725023807584"
    },
    {
        "domain": ".twitter.com",
        "expirationDate": 1723059250.020039,
        "hostOnly": false,
        "httpOnly": false,
        "name": "guest_id_marketing",
        "path": "/",
        "sameSite": "no_restriction",
        "secure": true,
        "session": false,
        "storeId": null,
        "value": "v1%3A165998725023807584"
    },
    {
        "domain": ".twitter.com",
        "expirationDate": 1707248068.762522,
        "hostOnly": false,
        "httpOnly": true,
        "name": "kdt",
        "path": "/",
        "sameSite": null,
        "secure": true,
        "session": false,
        "storeId": null,
        "value": "CCgENLjwgT2gSQkErQ7FwpYwQRE0nKEmXyXUknON"
    },
    {
        "domain": "twitter.com",
        "hostOnly": true,
        "httpOnly": false,
        "name": "lang",
        "path": "/",
        "sameSite": null,
        "secure": false,
        "session": true,
        "storeId": null,
        "value": "en"
    },
    {
        "domain": ".twitter.com",
        "expirationDate": 1723059250.020122,
        "hostOnly": false,
        "httpOnly": false,
        "name": "personalization_id",
        "path": "/",
        "sameSite": "no_restriction",
        "secure": true,
        "session": false,
        "storeId": null,
        "value": "\"v1_4fDq/ozybfBRS8UYAAYvbw==\""
    },
    {
        "domain": ".twitter.com",
        "expirationDate": 1691568344.771456,
        "hostOnly": false,
        "httpOnly": false,
        "name": "twid",
        "path": "/",
        "sameSite": "no_restriction",
        "secure": true,
        "session": false,
        "storeId": null,
        "value": "u%3D1550404172368969728"
    }
]
Abigail31674862 | [
    {
        "domain": ".twitter.com",
        "expirationDate": 1723060021.705158,
        "hostOnly": false,
        "httpOnly": false,
        "name": "guest_id",
        "path": "/",
        "sameSite": "no_restriction",
        "secure": true,
        "session": false,
        "storeId": null,
        "value": "v1%3A165998802190087113"
    },
    {
        "domain": ".twitter.com",
        "expirationDate": 1723102572,
        "hostOnly": false,
        "httpOnly": false,
        "name": "_ga",
        "path": "/",
        "sameSite": null,
        "secure": false,
        "session": false,
        "storeId": null,
        "value": "GA1.2.1958777920.1659988025"
    },
    {
        "domain": ".twitter.com",
        "expirationDate": 1660116972,
        "hostOnly": false,
        "httpOnly": false,
        "name": "_gid",
        "path": "/",
        "sameSite": null,
        "secure": false,
        "session": false,
        "storeId": null,
        "value": "GA1.2.847378820.1659988025"
    },
    {
        "domain": "twitter.com",
        "expirationDate": 1660074505,
        "hostOnly": true,
        "httpOnly": false,
        "name": "_sl",
        "path": "/",
        "sameSite": null,
        "secure": true,
        "session": false,
        "storeId": null,
        "value": "1"
    },
    {
        "domain": ".twitter.com",
        "hostOnly": false,
        "httpOnly": true,
        "name": "_twitter_sess",
        "path": "/",
        "sameSite": null,
        "secure": true,
        "session": true,
        "storeId": null,
        "value": "BAh7CSIKZmxhc2hJQzonQWN0aW9uQ29udHJvbGxlcjo6Rmxhc2g6OkZsYXNo%250ASGFzaHsABjoKQHVzZWR7ADoPY3JlYXRlZF9hdGwrCJQi%252F36CAToMY3NyZl9p%250AZCIlNmRkMGE0ODQzMzBiYzQxNTFmMTEyNmVmN2VhNmIxODQ6B2lkIiUyNDdm%250AMGZkZTQ2ZGE3NDM2Njc0MzQ5MDZlYjMwZGMyNg%253D%253D--1298e06b9c77c251bb3c0f1cf225417df09cc8aa"
    },
    {
        "domain": ".twitter.com",
        "expirationDate": 1817668112.763908,
        "hostOnly": false,
        "httpOnly": true,
        "name": "auth_token",
        "path": "/",
        "sameSite": "no_restriction",
        "secure": true,
        "session": false,
        "storeId": null,
        "value": "52498a12102786257bef7f711429c07c292b58aa"
    },
    {
        "domain": ".twitter.com",
        "expirationDate": 1817668113.008751,
        "hostOnly": false,
        "httpOnly": false,
        "name": "ct0",
        "path": "/",
        "sameSite": "lax",
        "secure": true,
        "session": false,
        "storeId": null,
        "value": "7a046423d7556fb1fc52b962406c117ffb9ef9d26b9a463323e2238fe9ce5439b5725804ecce2f3c672fbcbec66a4b2e4c80d0d5e8e575d94824f76cad32670366aff4fb7d9793bfb8d2c3b8ec15f910"
    },
    {
        "domain": ".twitter.com",
        "expirationDate": 1660592824.44431,
        "hostOnly": false,
        "httpOnly": false,
        "name": "external_referer",
        "path": "/",
        "sameSite": null,
        "secure": true,
        "session": false,
        "storeId": null,
        "value": "padhuUp37zjgzgv1mFWxJ12Ozwit7owX|0|8e8t2xd8A2w%3D"
    },
    {
        "domain": ".twitter.com",
        "expirationDate": 1723060021.705073,
        "hostOnly": false,
        "httpOnly": false,
        "name": "guest_id_ads",
        "path": "/",
        "sameSite": "no_restriction",
        "secure": true,
        "session": false,
        "storeId": null,
        "value": "v1%3A165998802190087113"
    },
    {
        "domain": ".twitter.com",
        "expirationDate": 1723060021.704931,
        "hostOnly": false,
        "httpOnly": false,
        "name": "guest_id_marketing",
        "path": "/",
        "sameSite": "no_restriction",
        "secure": true,
        "session": false,
        "storeId": null,
        "value": "v1%3A165998802190087113"
    },
    {
        "domain": ".twitter.com",
        "expirationDate": 1707248912.763831,
        "hostOnly": false,
        "httpOnly": true,
        "name": "kdt",
        "path": "/",
        "sameSite": null,
        "secure": true,
        "session": false,
        "storeId": null,
        "value": "WqgVKb70P95hhesWWKGhg7GQrmSZ2A5kESREvmJH"
    },
    {
        "domain": "twitter.com",
        "hostOnly": true,
        "httpOnly": false,
        "name": "lang",
        "path": "/",
        "sameSite": null,
        "secure": false,
        "session": true,
        "storeId": null,
        "value": "en"
    },
    {
        "domain": ".twitter.com",
        "expirationDate": 1723060021.705106,
        "hostOnly": false,
        "httpOnly": false,
        "name": "personalization_id",
        "path": "/",
        "sameSite": "no_restriction",
        "secure": true,
        "session": false,
        "storeId": null,
        "value": "\"v1_+dSDNx0uvRf0J2WCZ3u6Lw==\""
    },
    {
        "domain": ".twitter.com",
        "expirationDate": 1691566568.864395,
        "hostOnly": false,
        "httpOnly": false,
        "name": "twid",
        "path": "/",
        "sameSite": "no_restriction",
        "secure": true,
        "session": false,
        "storeId": null,
        "value": "u%3D1550404128261668866"
    }
]
harakihi1970 | [
    {
        "domain": ".twitter.com",
        "expirationDate": 1723059250.020139,
        "hostOnly": false,
        "httpOnly": false,
        "name": "guest_id",
        "path": "/",
        "sameSite": "no_restriction",
        "secure": true,
        "session": false,
        "storeId": null,
        "value": "v1%3A165998725023807584"
    },
    {
        "domain": ".twitter.com",
        "expirationDate": 1660032405,
        "hostOnly": false,
        "httpOnly": false,
        "name": "_gat",
        "path": "/",
        "sameSite": null,
        "secure": false,
        "session": false,
        "storeId": null,
        "value": "1"
    },
    {
        "domain": ".twitter.com",
        "expirationDate": 1723104345,
        "hostOnly": false,
        "httpOnly": false,
        "name": "_ga",
        "path": "/",
        "sameSite": null,
        "secure": false,
        "session": false,
        "storeId": null,
        "value": "GA1.2.258050706.1659987252"
    },
    {
        "domain": ".twitter.com",
        "expirationDate": 1660118745,
        "hostOnly": false,
        "httpOnly": false,
        "name": "_gid",
        "path": "/",
        "sameSite": null,
        "secure": false,
        "session": false,
        "storeId": null,
        "value": "GA1.2.102669828.1659987252"
    },
    {
        "domain": "twitter.com",
        "expirationDate": 1660073659,
        "hostOnly": true,
        "httpOnly": false,
        "name": "_sl",
        "path": "/",
        "sameSite": null,
        "secure": true,
        "session": false,
        "storeId": null,
        "value": "1"
    },
    {
        "domain": ".twitter.com",
        "hostOnly": false,
        "httpOnly": true,
        "name": "_twitter_sess",
        "path": "/",
        "sameSite": null,
        "secure": true,
        "session": true,
        "storeId": null,
        "value": "BAh7CSIKZmxhc2hJQzonQWN0aW9uQ29udHJvbGxlcjo6Rmxhc2g6OkZsYXNo%250ASGFzaHsABjoKQHVzZWR7ADoPY3JlYXRlZF9hdGwrCKtz836CAToMY3NyZl9p%250AZCIlY2YzOWY5NTNiY2EwMWQ1YjAxNzU3ZGU3ZDAwZjQxNTM6B2lkIiUzM2Ew%250AZWJlNDhkMDRkMDk0ZGRmY2FhN2E3YmNjM2RjMA%253D%253D--8e88d7ab43f2620b821030d7c3959fdd818fb04b"
    },
    {
        "domain": ".twitter.com",
        "expirationDate": 1817667268.762602,
        "hostOnly": false,
        "httpOnly": true,
        "name": "auth_token",
        "path": "/",
        "sameSite": "no_restriction",
        "secure": true,
        "session": false,
        "storeId": null,
        "value": "108285bc68e48531a3b47e76eeae28fc6302a383"
    },
    {
        "domain": ".twitter.com",
        "expirationDate": 1817667268.988875,
        "hostOnly": false,
        "httpOnly": false,
        "name": "ct0",
        "path": "/",
        "sameSite": "lax",
        "secure": true,
        "session": false,
        "storeId": null,
        "value": "93d39f8bcec97c85c14ef4ddc23ac0a17a04e07d46ae0cb020524fa11bd017921b4d284afe8b1bd621f7394b682d684a6b0ff32a4fc960b0534587ee0dda3d45180ed42a8513ae79d0b0033f93618b6e"
    },
    {
        "domain": ".twitter.com",
        "expirationDate": 1660041379.503665,
        "hostOnly": false,
        "httpOnly": false,
        "name": "gt",
        "path": "/",
        "sameSite": null,
        "secure": true,
        "session": false,
        "storeId": null,
        "value": "1556907206481793025"
    },
    {
        "domain": ".twitter.com",
        "expirationDate": 1723059250.020102,
        "hostOnly": false,
        "httpOnly": false,
        "name": "guest_id_ads",
        "path": "/",
        "sameSite": "no_restriction",
        "secure": true,
        "session": false,
        "storeId": null,
        "value": "v1%3A165998725023807584"
    },
    {
        "domain": ".twitter.com",
        "expirationDate": 1723059250.020039,
        "hostOnly": false,
        "httpOnly": false,
        "name": "guest_id_marketing",
        "path": "/",
        "sameSite": "no_restriction",
        "secure": true,
        "session": false,
        "storeId": null,
        "value": "v1%3A165998725023807584"
    },
    {
        "domain": ".twitter.com",
        "expirationDate": 1707248068.762522,
        "hostOnly": false,
        "httpOnly": true,
        "name": "kdt",
        "path": "/",
        "sameSite": null,
        "secure": true,
        "session": false,
        "storeId": null,
        "value": "CCgENLjwgT2gSQkErQ7FwpYwQRE0nKEmXyXUknON"
    },
    {
        "domain": "twitter.com",
        "hostOnly": true,
        "httpOnly": false,
        "name": "lang",
        "path": "/",
        "sameSite": null,
        "secure": false,
        "session": true,
        "storeId": null,
        "value": "en"
    },
    {
        "domain": ".twitter.com",
        "expirationDate": 1723059250.020122,
        "hostOnly": false,
        "httpOnly": false,
        "name": "personalization_id",
        "path": "/",
        "sameSite": "no_restriction",
        "secure": true,
        "session": false,
        "storeId": null,
        "value": "\"v1_4fDq/ozybfBRS8UYAAYvbw==\""
    },
    {
        "domain": ".twitter.com",
        "expirationDate": 1691568344.771456,
        "hostOnly": false,
        "httpOnly": false,
        "name": "twid",
        "path": "/",
        "sameSite": "no_restriction",
        "secure": true,
        "session": false,
        "storeId": null,
        "value": "u%3D1550404172368969728"
    }
]
Abigail31674862 | [
    {
        "domain": ".twitter.com",
        "expirationDate": 1723060021.705158,
        "hostOnly": false,
        "httpOnly": false,
        "name": "guest_id",
        "path": "/",
        "sameSite": "no_restriction",
        "secure": true,
        "session": false,
        "storeId": null,
        "value": "v1%3A165998802190087113"
    },
    {
        "domain": ".twitter.com",
        "expirationDate": 1723102572,
        "hostOnly": false,
        "httpOnly": false,
        "name": "_ga",
        "path": "/",
        "sameSite": null,
        "secure": false,
        "session": false,
        "storeId": null,
        "value": "GA1.2.1958777920.1659988025"
    },
    {
        "domain": ".twitter.com",
        "expirationDate": 1660116972,
        "hostOnly": false,
        "httpOnly": false,
        "name": "_gid",
        "path": "/",
        "sameSite": null,
        "secure": false,
        "session": false,
        "storeId": null,
        "value": "GA1.2.847378820.1659988025"
    },
    {
        "domain": "twitter.com",
        "expirationDate": 1660074505,
        "hostOnly": true,
        "httpOnly": false,
        "name": "_sl",
        "path": "/",
        "sameSite": null,
        "secure": true,
        "session": false,
        "storeId": null,
        "value": "1"
    },
    {
        "domain": ".twitter.com",
        "hostOnly": false,
        "httpOnly": true,
        "name": "_twitter_sess",
        "path": "/",
        "sameSite": null,
        "secure": true,
        "session": true,
        "storeId": null,
        "value": "BAh7CSIKZmxhc2hJQzonQWN0aW9uQ29udHJvbGxlcjo6Rmxhc2g6OkZsYXNo%250ASGFzaHsABjoKQHVzZWR7ADoPY3JlYXRlZF9hdGwrCJQi%252F36CAToMY3NyZl9p%250AZCIlNmRkMGE0ODQzMzBiYzQxNTFmMTEyNmVmN2VhNmIxODQ6B2lkIiUyNDdm%250AMGZkZTQ2ZGE3NDM2Njc0MzQ5MDZlYjMwZGMyNg%253D%253D--1298e06b9c77c251bb3c0f1cf225417df09cc8aa"
    },
    {
        "domain": ".twitter.com",
        "expirationDate": 1817668112.763908,
        "hostOnly": false,
        "httpOnly": true,
        "name": "auth_token",
        "path": "/",
        "sameSite": "no_restriction",
        "secure": true,
        "session": false,
        "storeId": null,
        "value": "52498a12102786257bef7f711429c07c292b58aa"
    },
    {
        "domain": ".twitter.com",
        "expirationDate": 1817668113.008751,
        "hostOnly": false,
        "httpOnly": false,
        "name": "ct0",
        "path": "/",
        "sameSite": "lax",
        "secure": true,
        "session": false,
        "storeId": null,
        "value": "7a046423d7556fb1fc52b962406c117ffb9ef9d26b9a463323e2238fe9ce5439b5725804ecce2f3c672fbcbec66a4b2e4c80d0d5e8e575d94824f76cad32670366aff4fb7d9793bfb8d2c3b8ec15f910"
    },
    {
        "domain": ".twitter.com",
        "expirationDate": 1660592824.44431,
        "hostOnly": false,
        "httpOnly": false,
        "name": "external_referer",
        "path": "/",
        "sameSite": null,
        "secure": true,
        "session": false,
        "storeId": null,
        "value": "padhuUp37zjgzgv1mFWxJ12Ozwit7owX|0|8e8t2xd8A2w%3D"
    },
    {
        "domain": ".twitter.com",
        "expirationDate": 1723060021.705073,
        "hostOnly": false,
        "httpOnly": false,
        "name": "guest_id_ads",
        "path": "/",
        "sameSite": "no_restriction",
        "secure": true,
        "session": false,
        "storeId": null,
        "value": "v1%3A165998802190087113"
    },
    {
        "domain": ".twitter.com",
        "expirationDate": 1723060021.704931,
        "hostOnly": false,
        "httpOnly": false,
        "name": "guest_id_marketing",
        "path": "/",
        "sameSite": "no_restriction",
        "secure": true,
        "session": false,
        "storeId": null,
        "value": "v1%3A165998802190087113"
    },
    {
        "domain": ".twitter.com",
        "expirationDate": 1707248912.763831,
        "hostOnly": false,
        "httpOnly": true,
        "name": "kdt",
        "path": "/",
        "sameSite": null,
        "secure": true,
        "session": false,
        "storeId": null,
        "value": "WqgVKb70P95hhesWWKGhg7GQrmSZ2A5kESREvmJH"
    },
    {
        "domain": "twitter.com",
        "hostOnly": true,
        "httpOnly": false,
        "name": "lang",
        "path": "/",
        "sameSite": null,
        "secure": false,
        "session": true,
        "storeId": null,
        "value": "en"
    },
    {
        "domain": ".twitter.com",
        "expirationDate": 1723060021.705106,
        "hostOnly": false,
        "httpOnly": false,
        "name": "personalization_id",
        "path": "/",
        "sameSite": "no_restriction",
        "secure": true,
        "session": false,
        "storeId": null,
        "value": "\"v1_+dSDNx0uvRf0J2WCZ3u6Lw==\""
    },
    {
        "domain": ".twitter.com",
        "expirationDate": 1691566568.864395,
        "hostOnly": false,
        "httpOnly": false,
        "name": "twid",
        "path": "/",
        "sameSite": "no_restriction",
        "secure": true,
        "session": false,
        "storeId": null,
        "value": "u%3D1550404128261668866"
    }
]
Abigail31674862 | [
    {
        "domain": ".twitter.com",
        "expirationDate": 1723060021.705158,
        "hostOnly": false,
        "httpOnly": false,
        "name": "guest_id",
        "path": "/",
        "sameSite": "no_restriction",
        "secure": true,
        "session": false,
        "storeId": null,
        "value": "v1%3A165998802190087113"
    },
    {
        "domain": ".twitter.com",
        "expirationDate": 1723102572,
        "hostOnly": false,
        "httpOnly": false,
        "name": "_ga",
        "path": "/",
        "sameSite": null,
        "secure": false,
        "session": false,
        "storeId": null,
        "value": "GA1.2.1958777920.1659988025"
    },
    {
        "domain": ".twitter.com",
        "expirationDate": 1660116972,
        "hostOnly": false,
        "httpOnly": false,
        "name": "_gid",
        "path": "/",
        "sameSite": null,
        "secure": false,
        "session": false,
        "storeId": null,
        "value": "GA1.2.847378820.1659988025"
    },
    {
        "domain": "twitter.com",
        "expirationDate": 1660074505,
        "hostOnly": true,
        "httpOnly": false,
        "name": "_sl",
        "path": "/",
        "sameSite": null,
        "secure": true,
        "session": false,
        "storeId": null,
        "value": "1"
    },
    {
        "domain": ".twitter.com",
        "hostOnly": false,
        "httpOnly": true,
        "name": "_twitter_sess",
        "path": "/",
        "sameSite": null,
        "secure": true,
        "session": true,
        "storeId": null,
        "value": "BAh7CSIKZmxhc2hJQzonQWN0aW9uQ29udHJvbGxlcjo6Rmxhc2g6OkZsYXNo%250ASGFzaHsABjoKQHVzZWR7ADoPY3JlYXRlZF9hdGwrCJQi%252F36CAToMY3NyZl9p%250AZCIlNmRkMGE0ODQzMzBiYzQxNTFmMTEyNmVmN2VhNmIxODQ6B2lkIiUyNDdm%250AMGZkZTQ2ZGE3NDM2Njc0MzQ5MDZlYjMwZGMyNg%253D%253D--1298e06b9c77c251bb3c0f1cf225417df09cc8aa"
    },
    {
        "domain": ".twitter.com",
        "expirationDate": 1817668112.763908,
        "hostOnly": false,
        "httpOnly": true,
        "name": "auth_token",
        "path": "/",
        "sameSite": "no_restriction",
        "secure": true,
        "session": false,
        "storeId": null,
        "value": "52498a12102786257bef7f711429c07c292b58aa"
    },
    {
        "domain": ".twitter.com",
        "expirationDate": 1817668113.008751,
        "hostOnly": false,
        "httpOnly": false,
        "name": "ct0",
        "path": "/",
        "sameSite": "lax",
        "secure": true,
        "session": false,
        "storeId": null,
        "value": "7a046423d7556fb1fc52b962406c117ffb9ef9d26b9a463323e2238fe9ce5439b5725804ecce2f3c672fbcbec66a4b2e4c80d0d5e8e575d94824f76cad32670366aff4fb7d9793bfb8d2c3b8ec15f910"
    },
    {
        "domain": ".twitter.com",
        "expirationDate": 1660592824.44431,
        "hostOnly": false,
        "httpOnly": false,
        "name": "external_referer",
        "path": "/",
        "sameSite": null,
        "secure": true,
        "session": false,
        "storeId": null,
        "value": "padhuUp37zjgzgv1mFWxJ12Ozwit7owX|0|8e8t2xd8A2w%3D"
    },
    {
        "domain": ".twitter.com",
        "expirationDate": 1723060021.705073,
        "hostOnly": false,
        "httpOnly": false,
        "name": "guest_id_ads",
        "path": "/",
        "sameSite": "no_restriction",
        "secure": true,
        "session": false,
        "storeId": null,
        "value": "v1%3A165998802190087113"
    },
    {
        "domain": ".twitter.com",
        "expirationDate": 1723060021.704931,
        "hostOnly": false,
        "httpOnly": false,
        "name": "guest_id_marketing",
        "path": "/",
        "sameSite": "no_restriction",
        "secure": true,
        "session": false,
        "storeId": null,
        "value": "v1%3A165998802190087113"
    },
    {
        "domain": ".twitter.com",
        "expirationDate": 1707248912.763831,
        "hostOnly": false,
        "httpOnly": true,
        "name": "kdt",
        "path": "/",
        "sameSite": null,
        "secure": true,
        "session": false,
        "storeId": null,
        "value": "WqgVKb70P95hhesWWKGhg7GQrmSZ2A5kESREvmJH"
    },
    {
        "domain": "twitter.com",
        "hostOnly": true,
        "httpOnly": false,
        "name": "lang",
        "path": "/",
        "sameSite": null,
        "secure": false,
        "session": true,
        "storeId": null,
        "value": "en"
    },
    {
        "domain": ".twitter.com",
        "expirationDate": 1723060021.705106,
        "hostOnly": false,
        "httpOnly": false,
        "name": "personalization_id",
        "path": "/",
        "sameSite": "no_restriction",
        "secure": true,
        "session": false,
        "storeId": null,
        "value": "\"v1_+dSDNx0uvRf0J2WCZ3u6Lw==\""
    },
    {
        "domain": ".twitter.com",
        "expirationDate": 1691566568.864395,
        "hostOnly": false,
        "httpOnly": false,
        "name": "twid",
        "path": "/",
        "sameSite": "no_restriction",
        "secure": true,
        "session": false,
        "storeId": null,
        "value": "u%3D1550404128261668866"
    }
]
harakihi1970 | [
    {
        "domain": ".twitter.com",
        "expirationDate": 1723059250.020139,
        "hostOnly": false,
        "httpOnly": false,
        "name": "guest_id",
        "path": "/",
        "sameSite": "no_restriction",
        "secure": true,
        "session": false,
        "storeId": null,
        "value": "v1%3A165998725023807584"
    },
    {
        "domain": ".twitter.com",
        "expirationDate": 1660032405,
        "hostOnly": false,
        "httpOnly": false,
        "name": "_gat",
        "path": "/",
        "sameSite": null,
        "secure": false,
        "session": false,
        "storeId": null,
        "value": "1"
    },
    {
        "domain": ".twitter.com",
        "expirationDate": 1723104345,
        "hostOnly": false,
        "httpOnly": false,
        "name": "_ga",
        "path": "/",
        "sameSite": null,
        "secure": false,
        "session": false,
        "storeId": null,
        "value": "GA1.2.258050706.1659987252"
    },
    {
        "domain": ".twitter.com",
        "expirationDate": 1660118745,
        "hostOnly": false,
        "httpOnly": false,
        "name": "_gid",
        "path": "/",
        "sameSite": null,
        "secure": false,
        "session": false,
        "storeId": null,
        "value": "GA1.2.102669828.1659987252"
    },
    {
        "domain": "twitter.com",
        "expirationDate": 1660073659,
        "hostOnly": true,
        "httpOnly": false,
        "name": "_sl",
        "path": "/",
        "sameSite": null,
        "secure": true,
        "session": false,
        "storeId": null,
        "value": "1"
    },
    {
        "domain": ".twitter.com",
        "hostOnly": false,
        "httpOnly": true,
        "name": "_twitter_sess",
        "path": "/",
        "sameSite": null,
        "secure": true,
        "session": true,
        "storeId": null,
        "value": "BAh7CSIKZmxhc2hJQzonQWN0aW9uQ29udHJvbGxlcjo6Rmxhc2g6OkZsYXNo%250ASGFzaHsABjoKQHVzZWR7ADoPY3JlYXRlZF9hdGwrCKtz836CAToMY3NyZl9p%250AZCIlY2YzOWY5NTNiY2EwMWQ1YjAxNzU3ZGU3ZDAwZjQxNTM6B2lkIiUzM2Ew%250AZWJlNDhkMDRkMDk0ZGRmY2FhN2E3YmNjM2RjMA%253D%253D--8e88d7ab43f2620b821030d7c3959fdd818fb04b"
    },
    {
        "domain": ".twitter.com",
        "expirationDate": 1817667268.762602,
        "hostOnly": false,
        "httpOnly": true,
        "name": "auth_token",
        "path": "/",
        "sameSite": "no_restriction",
        "secure": true,
        "session": false,
        "storeId": null,
        "value": "108285bc68e48531a3b47e76eeae28fc6302a383"
    },
    {
        "domain": ".twitter.com",
        "expirationDate": 1817667268.988875,
        "hostOnly": false,
        "httpOnly": false,
        "name": "ct0",
        "path": "/",
        "sameSite": "lax",
        "secure": true,
        "session": false,
        "storeId": null,
        "value": "93d39f8bcec97c85c14ef4ddc23ac0a17a04e07d46ae0cb020524fa11bd017921b4d284afe8b1bd621f7394b682d684a6b0ff32a4fc960b0534587ee0dda3d45180ed42a8513ae79d0b0033f93618b6e"
    },
    {
        "domain": ".twitter.com",
        "expirationDate": 1660041379.503665,
        "hostOnly": false,
        "httpOnly": false,
        "name": "gt",
        "path": "/",
        "sameSite": null,
        "secure": true,
        "session": false,
        "storeId": null,
        "value": "1556907206481793025"
    },
    {
        "domain": ".twitter.com",
        "expirationDate": 1723059250.020102,
        "hostOnly": false,
        "httpOnly": false,
        "name": "guest_id_ads",
        "path": "/",
        "sameSite": "no_restriction",
        "secure": true,
        "session": false,
        "storeId": null,
        "value": "v1%3A165998725023807584"
    },
    {
        "domain": ".twitter.com",
        "expirationDate": 1723059250.020039,
        "hostOnly": false,
        "httpOnly": false,
        "name": "guest_id_marketing",
        "path": "/",
        "sameSite": "no_restriction",
        "secure": true,
        "session": false,
        "storeId": null,
        "value": "v1%3A165998725023807584"
    },
    {
        "domain": ".twitter.com",
        "expirationDate": 1707248068.762522,
        "hostOnly": false,
        "httpOnly": true,
        "name": "kdt",
        "path": "/",
        "sameSite": null,
        "secure": true,
        "session": false,
        "storeId": null,
        "value": "CCgENLjwgT2gSQkErQ7FwpYwQRE0nKEmXyXUknON"
    },
    {
        "domain": "twitter.com",
        "hostOnly": true,
        "httpOnly": false,
        "name": "lang",
        "path": "/",
        "sameSite": null,
        "secure": false,
        "session": true,
        "storeId": null,
        "value": "en"
    },
    {
        "domain": ".twitter.com",
        "expirationDate": 1723059250.020122,
        "hostOnly": false,
        "httpOnly": false,
        "name": "personalization_id",
        "path": "/",
        "sameSite": "no_restriction",
        "secure": true,
        "session": false,
        "storeId": null,
        "value": "\"v1_4fDq/ozybfBRS8UYAAYvbw==\""
    },
    {
        "domain": ".twitter.com",
        "expirationDate": 1691568344.771456,
        "hostOnly": false,
        "httpOnly": false,
        "name": "twid",
        "path": "/",
        "sameSite": "no_restriction",
        "secure": true,
        "session": false,
        "storeId": null,
        "value": "u%3D1550404172368969728"
    }
]
harakihi1970 | [
    {
        "domain": ".twitter.com",
        "expirationDate": 1723059250.020139,
        "hostOnly": false,
        "httpOnly": false,
        "name": "guest_id",
        "path": "/",
        "sameSite": "no_restriction",
        "secure": true,
        "session": false,
        "storeId": null,
        "value": "v1%3A165998725023807584"
    },
    {
        "domain": ".twitter.com",
        "expirationDate": 1660032405,
        "hostOnly": false,
        "httpOnly": false,
        "name": "_gat",
        "path": "/",
        "sameSite": null,
        "secure": false,
        "session": false,
        "storeId": null,
        "value": "1"
    },
    {
        "domain": ".twitter.com",
        "expirationDate": 1723104345,
        "hostOnly": false,
        "httpOnly": false,
        "name": "_ga",
        "path": "/",
        "sameSite": null,
        "secure": false,
        "session": false,
        "storeId": null,
        "value": "GA1.2.258050706.1659987252"
    },
    {
        "domain": ".twitter.com",
        "expirationDate": 1660118745,
        "hostOnly": false,
        "httpOnly": false,
        "name": "_gid",
        "path": "/",
        "sameSite": null,
        "secure": false,
        "session": false,
        "storeId": null,
        "value": "GA1.2.102669828.1659987252"
    },
    {
        "domain": "twitter.com",
        "expirationDate": 1660073659,
        "hostOnly": true,
        "httpOnly": false,
        "name": "_sl",
        "path": "/",
        "sameSite": null,
        "secure": true,
        "session": false,
        "storeId": null,
        "value": "1"
    },
    {
        "domain": ".twitter.com",
        "hostOnly": false,
        "httpOnly": true,
        "name": "_twitter_sess",
        "path": "/",
        "sameSite": null,
        "secure": true,
        "session": true,
        "storeId": null,
        "value": "BAh7CSIKZmxhc2hJQzonQWN0aW9uQ29udHJvbGxlcjo6Rmxhc2g6OkZsYXNo%250ASGFzaHsABjoKQHVzZWR7ADoPY3JlYXRlZF9hdGwrCKtz836CAToMY3NyZl9p%250AZCIlY2YzOWY5NTNiY2EwMWQ1YjAxNzU3ZGU3ZDAwZjQxNTM6B2lkIiUzM2Ew%250AZWJlNDhkMDRkMDk0ZGRmY2FhN2E3YmNjM2RjMA%253D%253D--8e88d7ab43f2620b821030d7c3959fdd818fb04b"
    },
    {
        "domain": ".twitter.com",
        "expirationDate": 1817667268.762602,
        "hostOnly": false,
        "httpOnly": true,
        "name": "auth_token",
        "path": "/",
        "sameSite": "no_restriction",
        "secure": true,
        "session": false,
        "storeId": null,
        "value": "108285bc68e48531a3b47e76eeae28fc6302a383"
    },
    {
        "domain": ".twitter.com",
        "expirationDate": 1817667268.988875,
        "hostOnly": false,
        "httpOnly": false,
        "name": "ct0",
        "path": "/",
        "sameSite": "lax",
        "secure": true,
        "session": false,
        "storeId": null,
        "value": "93d39f8bcec97c85c14ef4ddc23ac0a17a04e07d46ae0cb020524fa11bd017921b4d284afe8b1bd621f7394b682d684a6b0ff32a4fc960b0534587ee0dda3d45180ed42a8513ae79d0b0033f93618b6e"
    },
    {
        "domain": ".twitter.com",
        "expirationDate": 1660041379.503665,
        "hostOnly": false,
        "httpOnly": false,
        "name": "gt",
        "path": "/",
        "sameSite": null,
        "secure": true,
        "session": false,
        "storeId": null,
        "value": "1556907206481793025"
    },
    {
        "domain": ".twitter.com",
        "expirationDate": 1723059250.020102,
        "hostOnly": false,
        "httpOnly": false,
        "name": "guest_id_ads",
        "path": "/",
        "sameSite": "no_restriction",
        "secure": true,
        "session": false,
        "storeId": null,
        "value": "v1%3A165998725023807584"
    },
    {
        "domain": ".twitter.com",
        "expirationDate": 1723059250.020039,
        "hostOnly": false,
        "httpOnly": false,
        "name": "guest_id_marketing",
        "path": "/",
        "sameSite": "no_restriction",
        "secure": true,
        "session": false,
        "storeId": null,
        "value": "v1%3A165998725023807584"
    },
    {
        "domain": ".twitter.com",
        "expirationDate": 1707248068.762522,
        "hostOnly": false,
        "httpOnly": true,
        "name": "kdt",
        "path": "/",
        "sameSite": null,
        "secure": true,
        "session": false,
        "storeId": null,
        "value": "CCgENLjwgT2gSQkErQ7FwpYwQRE0nKEmXyXUknON"
    },
    {
        "domain": "twitter.com",
        "hostOnly": true,
        "httpOnly": false,
        "name": "lang",
        "path": "/",
        "sameSite": null,
        "secure": false,
        "session": true,
        "storeId": null,
        "value": "en"
    },
    {
        "domain": ".twitter.com",
        "expirationDate": 1723059250.020122,
        "hostOnly": false,
        "httpOnly": false,
        "name": "personalization_id",
        "path": "/",
        "sameSite": "no_restriction",
        "secure": true,
        "session": false,
        "storeId": null,
        "value": "\"v1_4fDq/ozybfBRS8UYAAYvbw==\""
    },
    {
        "domain": ".twitter.com",
        "expirationDate": 1691568344.771456,
        "hostOnly": false,
        "httpOnly": false,
        "name": "twid",
        "path": "/",
        "sameSite": "no_restriction",
        "secure": true,
        "session": false,
        "storeId": null,
        "value": "u%3D1550404172368969728"
    }
]
Abigail31674862 | [
    {
        "domain": ".twitter.com",
        "expirationDate": 1723060021.705158,
        "hostOnly": false,
        "httpOnly": false,
        "name": "guest_id",
        "path": "/",
        "sameSite": "no_restriction",
        "secure": true,
        "session": false,
        "storeId": null,
        "value": "v1%3A165998802190087113"
    },
    {
        "domain": ".twitter.com",
        "expirationDate": 1723102572,
        "hostOnly": false,
        "httpOnly": false,
        "name": "_ga",
        "path": "/",
        "sameSite": null,
        "secure": false,
        "session": false,
        "storeId": null,
        "value": "GA1.2.1958777920.1659988025"
    },
    {
        "domain": ".twitter.com",
        "expirationDate": 1660116972,
        "hostOnly": false,
        "httpOnly": false,
        "name": "_gid",
        "path": "/",
        "sameSite": null,
        "secure": false,
        "session": false,
        "storeId": null,
        "value": "GA1.2.847378820.1659988025"
    },
    {
        "domain": "twitter.com",
        "expirationDate": 1660074505,
        "hostOnly": true,
        "httpOnly": false,
        "name": "_sl",
        "path": "/",
        "sameSite": null,
        "secure": true,
        "session": false,
        "storeId": null,
        "value": "1"
    },
    {
        "domain": ".twitter.com",
        "hostOnly": false,
        "httpOnly": true,
        "name": "_twitter_sess",
        "path": "/",
        "sameSite": null,
        "secure": true,
        "session": true,
        "storeId": null,
        "value": "BAh7CSIKZmxhc2hJQzonQWN0aW9uQ29udHJvbGxlcjo6Rmxhc2g6OkZsYXNo%250ASGFzaHsABjoKQHVzZWR7ADoPY3JlYXRlZF9hdGwrCJQi%252F36CAToMY3NyZl9p%250AZCIlNmRkMGE0ODQzMzBiYzQxNTFmMTEyNmVmN2VhNmIxODQ6B2lkIiUyNDdm%250AMGZkZTQ2ZGE3NDM2Njc0MzQ5MDZlYjMwZGMyNg%253D%253D--1298e06b9c77c251bb3c0f1cf225417df09cc8aa"
    },
    {
        "domain": ".twitter.com",
        "expirationDate": 1817668112.763908,
        "hostOnly": false,
        "httpOnly": true,
        "name": "auth_token",
        "path": "/",
        "sameSite": "no_restriction",
        "secure": true,
        "session": false,
        "storeId": null,
        "value": "52498a12102786257bef7f711429c07c292b58aa"
    },
    {
        "domain": ".twitter.com",
        "expirationDate": 1817668113.008751,
        "hostOnly": false,
        "httpOnly": false,
        "name": "ct0",
        "path": "/",
        "sameSite": "lax",
        "secure": true,
        "session": false,
        "storeId": null,
        "value": "7a046423d7556fb1fc52b962406c117ffb9ef9d26b9a463323e2238fe9ce5439b5725804ecce2f3c672fbcbec66a4b2e4c80d0d5e8e575d94824f76cad32670366aff4fb7d9793bfb8d2c3b8ec15f910"
    },
    {
        "domain": ".twitter.com",
        "expirationDate": 1660592824.44431,
        "hostOnly": false,
        "httpOnly": false,
        "name": "external_referer",
        "path": "/",
        "sameSite": null,
        "secure": true,
        "session": false,
        "storeId": null,
        "value": "padhuUp37zjgzgv1mFWxJ12Ozwit7owX|0|8e8t2xd8A2w%3D"
    },
    {
        "domain": ".twitter.com",
        "expirationDate": 1723060021.705073,
        "hostOnly": false,
        "httpOnly": false,
        "name": "guest_id_ads",
        "path": "/",
        "sameSite": "no_restriction",
        "secure": true,
        "session": false,
        "storeId": null,
        "value": "v1%3A165998802190087113"
    },
    {
        "domain": ".twitter.com",
        "expirationDate": 1723060021.704931,
        "hostOnly": false,
        "httpOnly": false,
        "name": "guest_id_marketing",
        "path": "/",
        "sameSite": "no_restriction",
        "secure": true,
        "session": false,
        "storeId": null,
        "value": "v1%3A165998802190087113"
    },
    {
        "domain": ".twitter.com",
        "expirationDate": 1707248912.763831,
        "hostOnly": false,
        "httpOnly": true,
        "name": "kdt",
        "path": "/",
        "sameSite": null,
        "secure": true,
        "session": false,
        "storeId": null,
        "value": "WqgVKb70P95hhesWWKGhg7GQrmSZ2A5kESREvmJH"
    },
    {
        "domain": "twitter.com",
        "hostOnly": true,
        "httpOnly": false,
        "name": "lang",
        "path": "/",
        "sameSite": null,
        "secure": false,
        "session": true,
        "storeId": null,
        "value": "en"
    },
    {
        "domain": ".twitter.com",
        "expirationDate": 1723060021.705106,
        "hostOnly": false,
        "httpOnly": false,
        "name": "personalization_id",
        "path": "/",
        "sameSite": "no_restriction",
        "secure": true,
        "session": false,
        "storeId": null,
        "value": "\"v1_+dSDNx0uvRf0J2WCZ3u6Lw==\""
    },
    {
        "domain": ".twitter.com",
        "expirationDate": 1691566568.864395,
        "hostOnly": false,
        "httpOnly": false,
        "name": "twid",
        "path": "/",
        "sameSite": "no_restriction",
        "secure": true,
        "session": false,
        "storeId": null,
        "value": "u%3D1550404128261668866"
    }
]
Abigail31674862 | [
    {
        "domain": ".twitter.com",
        "expirationDate": 1723060021.705158,
        "hostOnly": false,
        "httpOnly": false,
        "name": "guest_id",
        "path": "/",
        "sameSite": "no_restriction",
        "secure": true,
        "session": false,
        "storeId": null,
        "value": "v1%3A165998802190087113"
    },
    {
        "domain": ".twitter.com",
        "expirationDate": 1723102572,
        "hostOnly": false,
        "httpOnly": false,
        "name": "_ga",
        "path": "/",
        "sameSite": null,
        "secure": false,
        "session": false,
        "storeId": null,
        "value": "GA1.2.1958777920.1659988025"
    },
    {
        "domain": ".twitter.com",
        "expirationDate": 1660116972,
        "hostOnly": false,
        "httpOnly": false,
        "name": "_gid",
        "path": "/",
        "sameSite": null,
        "secure": false,
        "session": false,
        "storeId": null,
        "value": "GA1.2.847378820.1659988025"
    },
    {
        "domain": "twitter.com",
        "expirationDate": 1660074505,
        "hostOnly": true,
        "httpOnly": false,
        "name": "_sl",
        "path": "/",
        "sameSite": null,
        "secure": true,
        "session": false,
        "storeId": null,
        "value": "1"
    },
    {
        "domain": ".twitter.com",
        "hostOnly": false,
        "httpOnly": true,
        "name": "_twitter_sess",
        "path": "/",
        "sameSite": null,
        "secure": true,
        "session": true,
        "storeId": null,
        "value": "BAh7CSIKZmxhc2hJQzonQWN0aW9uQ29udHJvbGxlcjo6Rmxhc2g6OkZsYXNo%250ASGFzaHsABjoKQHVzZWR7ADoPY3JlYXRlZF9hdGwrCJQi%252F36CAToMY3NyZl9p%250AZCIlNmRkMGE0ODQzMzBiYzQxNTFmMTEyNmVmN2VhNmIxODQ6B2lkIiUyNDdm%250AMGZkZTQ2ZGE3NDM2Njc0MzQ5MDZlYjMwZGMyNg%253D%253D--1298e06b9c77c251bb3c0f1cf225417df09cc8aa"
    },
    {
        "domain": ".twitter.com",
        "expirationDate": 1817668112.763908,
        "hostOnly": false,
        "httpOnly": true,
        "name": "auth_token",
        "path": "/",
        "sameSite": "no_restriction",
        "secure": true,
        "session": false,
        "storeId": null,
        "value": "52498a12102786257bef7f711429c07c292b58aa"
    },
    {
        "domain": ".twitter.com",
        "expirationDate": 1817668113.008751,
        "hostOnly": false,
        "httpOnly": false,
        "name": "ct0",
        "path": "/",
        "sameSite": "lax",
        "secure": true,
        "session": false,
        "storeId": null,
        "value": "7a046423d7556fb1fc52b962406c117ffb9ef9d26b9a463323e2238fe9ce5439b5725804ecce2f3c672fbcbec66a4b2e4c80d0d5e8e575d94824f76cad32670366aff4fb7d9793bfb8d2c3b8ec15f910"
    },
    {
        "domain": ".twitter.com",
        "expirationDate": 1660592824.44431,
        "hostOnly": false,
        "httpOnly": false,
        "name": "external_referer",
        "path": "/",
        "sameSite": null,
        "secure": true,
        "session": false,
        "storeId": null,
        "value": "padhuUp37zjgzgv1mFWxJ12Ozwit7owX|0|8e8t2xd8A2w%3D"
    },
    {
        "domain": ".twitter.com",
        "expirationDate": 1723060021.705073,
        "hostOnly": false,
        "httpOnly": false,
        "name": "guest_id_ads",
        "path": "/",
        "sameSite": "no_restriction",
        "secure": true,
        "session": false,
        "storeId": null,
        "value": "v1%3A165998802190087113"
    },
    {
        "domain": ".twitter.com",
        "expirationDate": 1723060021.704931,
        "hostOnly": false,
        "httpOnly": false,
        "name": "guest_id_marketing",
        "path": "/",
        "sameSite": "no_restriction",
        "secure": true,
        "session": false,
        "storeId": null,
        "value": "v1%3A165998802190087113"
    },
    {
        "domain": ".twitter.com",
        "expirationDate": 1707248912.763831,
        "hostOnly": false,
        "httpOnly": true,
        "name": "kdt",
        "path": "/",
        "sameSite": null,
        "secure": true,
        "session": false,
        "storeId": null,
        "value": "WqgVKb70P95hhesWWKGhg7GQrmSZ2A5kESREvmJH"
    },
    {
        "domain": "twitter.com",
        "hostOnly": true,
        "httpOnly": false,
        "name": "lang",
        "path": "/",
        "sameSite": null,
        "secure": false,
        "session": true,
        "storeId": null,
        "value": "en"
    },
    {
        "domain": ".twitter.com",
        "expirationDate": 1723060021.705106,
        "hostOnly": false,
        "httpOnly": false,
        "name": "personalization_id",
        "path": "/",
        "sameSite": "no_restriction",
        "secure": true,
        "session": false,
        "storeId": null,
        "value": "\"v1_+dSDNx0uvRf0J2WCZ3u6Lw==\""
    },
    {
        "domain": ".twitter.com",
        "expirationDate": 1691566568.864395,
        "hostOnly": false,
        "httpOnly": false,
        "name": "twid",
        "path": "/",
        "sameSite": "no_restriction",
        "secure": true,
        "session": false,
        "storeId": null,
        "value": "u%3D1550404128261668866"
    }
]
Abigail31674862 | [
    {
        "domain": ".twitter.com",
        "expirationDate": 1723060021.705158,
        "hostOnly": false,
        "httpOnly": false,
        "name": "guest_id",
        "path": "/",
        "sameSite": "no_restriction",
        "secure": true,
        "session": false,
        "storeId": null,
        "value": "v1%3A165998802190087113"
    },
    {
        "domain": ".twitter.com",
        "expirationDate": 1723102572,
        "hostOnly": false,
        "httpOnly": false,
        "name": "_ga",
        "path": "/",
        "sameSite": null,
        "secure": false,
        "session": false,
        "storeId": null,
        "value": "GA1.2.1958777920.1659988025"
    },
    {
        "domain": ".twitter.com",
        "expirationDate": 1660116972,
        "hostOnly": false,
        "httpOnly": false,
        "name": "_gid",
        "path": "/",
        "sameSite": null,
        "secure": false,
        "session": false,
        "storeId": null,
        "value": "GA1.2.847378820.1659988025"
    },
    {
        "domain": "twitter.com",
        "expirationDate": 1660074505,
        "hostOnly": true,
        "httpOnly": false,
        "name": "_sl",
        "path": "/",
        "sameSite": null,
        "secure": true,
        "session": false,
        "storeId": null,
        "value": "1"
    },
    {
        "domain": ".twitter.com",
        "hostOnly": false,
        "httpOnly": true,
        "name": "_twitter_sess",
        "path": "/",
        "sameSite": null,
        "secure": true,
        "session": true,
        "storeId": null,
        "value": "BAh7CSIKZmxhc2hJQzonQWN0aW9uQ29udHJvbGxlcjo6Rmxhc2g6OkZsYXNo%250ASGFzaHsABjoKQHVzZWR7ADoPY3JlYXRlZF9hdGwrCJQi%252F36CAToMY3NyZl9p%250AZCIlNmRkMGE0ODQzMzBiYzQxNTFmMTEyNmVmN2VhNmIxODQ6B2lkIiUyNDdm%250AMGZkZTQ2ZGE3NDM2Njc0MzQ5MDZlYjMwZGMyNg%253D%253D--1298e06b9c77c251bb3c0f1cf225417df09cc8aa"
    },
    {
        "domain": ".twitter.com",
        "expirationDate": 1817668112.763908,
        "hostOnly": false,
        "httpOnly": true,
        "name": "auth_token",
        "path": "/",
        "sameSite": "no_restriction",
        "secure": true,
        "session": false,
        "storeId": null,
        "value": "52498a12102786257bef7f711429c07c292b58aa"
    },
    {
        "domain": ".twitter.com",
        "expirationDate": 1817668113.008751,
        "hostOnly": false,
        "httpOnly": false,
        "name": "ct0",
        "path": "/",
        "sameSite": "lax",
        "secure": true,
        "session": false,
        "storeId": null,
        "value": "7a046423d7556fb1fc52b962406c117ffb9ef9d26b9a463323e2238fe9ce5439b5725804ecce2f3c672fbcbec66a4b2e4c80d0d5e8e575d94824f76cad32670366aff4fb7d9793bfb8d2c3b8ec15f910"
    },
    {
        "domain": ".twitter.com",
        "expirationDate": 1660592824.44431,
        "hostOnly": false,
        "httpOnly": false,
        "name": "external_referer",
        "path": "/",
        "sameSite": null,
        "secure": true,
        "session": false,
        "storeId": null,
        "value": "padhuUp37zjgzgv1mFWxJ12Ozwit7owX|0|8e8t2xd8A2w%3D"
    },
    {
        "domain": ".twitter.com",
        "expirationDate": 1723060021.705073,
        "hostOnly": false,
        "httpOnly": false,
        "name": "guest_id_ads",
        "path": "/",
        "sameSite": "no_restriction",
        "secure": true,
        "session": false,
        "storeId": null,
        "value": "v1%3A165998802190087113"
    },
    {
        "domain": ".twitter.com",
        "expirationDate": 1723060021.704931,
        "hostOnly": false,
        "httpOnly": false,
        "name": "guest_id_marketing",
        "path": "/",
        "sameSite": "no_restriction",
        "secure": true,
        "session": false,
        "storeId": null,
        "value": "v1%3A165998802190087113"
    },
    {
        "domain": ".twitter.com",
        "expirationDate": 1707248912.763831,
        "hostOnly": false,
        "httpOnly": true,
        "name": "kdt",
        "path": "/",
        "sameSite": null,
        "secure": true,
        "session": false,
        "storeId": null,
        "value": "WqgVKb70P95hhesWWKGhg7GQrmSZ2A5kESREvmJH"
    },
    {
        "domain": "twitter.com",
        "hostOnly": true,
        "httpOnly": false,
        "name": "lang",
        "path": "/",
        "sameSite": null,
        "secure": false,
        "session": true,
        "storeId": null,
        "value": "en"
    },
    {
        "domain": ".twitter.com",
        "expirationDate": 1723060021.705106,
        "hostOnly": false,
        "httpOnly": false,
        "name": "personalization_id",
        "path": "/",
        "sameSite": "no_restriction",
        "secure": true,
        "session": false,
        "storeId": null,
        "value": "\"v1_+dSDNx0uvRf0J2WCZ3u6Lw==\""
    },
    {
        "domain": ".twitter.com",
        "expirationDate": 1691566568.864395,
        "hostOnly": false,
        "httpOnly": false,
        "name": "twid",
        "path": "/",
        "sameSite": "no_restriction",
        "secure": true,
        "session": false,
        "storeId": null,
        "value": "u%3D1550404128261668866"
    }
]
Abigail31674862 | [
    {
        "domain": ".twitter.com",
        "expirationDate": 1723060021.705158,
        "hostOnly": false,
        "httpOnly": false,
        "name": "guest_id",
        "path": "/",
        "sameSite": "no_restriction",
        "secure": true,
        "session": false,
        "storeId": null,
        "value": "v1%3A165998802190087113"
    },
    {
        "domain": ".twitter.com",
        "expirationDate": 1723102572,
        "hostOnly": false,
        "httpOnly": false,
        "name": "_ga",
        "path": "/",
        "sameSite": null,
        "secure": false,
        "session": false,
        "storeId": null,
        "value": "GA1.2.1958777920.1659988025"
    },
    {
        "domain": ".twitter.com",
        "expirationDate": 1660116972,
        "hostOnly": false,
        "httpOnly": false,
        "name": "_gid",
        "path": "/",
        "sameSite": null,
        "secure": false,
        "session": false,
        "storeId": null,
        "value": "GA1.2.847378820.1659988025"
    },
    {
        "domain": "twitter.com",
        "expirationDate": 1660074505,
        "hostOnly": true,
        "httpOnly": false,
        "name": "_sl",
        "path": "/",
        "sameSite": null,
        "secure": true,
        "session": false,
        "storeId": null,
        "value": "1"
    },
    {
        "domain": ".twitter.com",
        "hostOnly": false,
        "httpOnly": true,
        "name": "_twitter_sess",
        "path": "/",
        "sameSite": null,
        "secure": true,
        "session": true,
        "storeId": null,
        "value": "BAh7CSIKZmxhc2hJQzonQWN0aW9uQ29udHJvbGxlcjo6Rmxhc2g6OkZsYXNo%250ASGFzaHsABjoKQHVzZWR7ADoPY3JlYXRlZF9hdGwrCJQi%252F36CAToMY3NyZl9p%250AZCIlNmRkMGE0ODQzMzBiYzQxNTFmMTEyNmVmN2VhNmIxODQ6B2lkIiUyNDdm%250AMGZkZTQ2ZGE3NDM2Njc0MzQ5MDZlYjMwZGMyNg%253D%253D--1298e06b9c77c251bb3c0f1cf225417df09cc8aa"
    },
    {
        "domain": ".twitter.com",
        "expirationDate": 1817668112.763908,
        "hostOnly": false,
        "httpOnly": true,
        "name": "auth_token",
        "path": "/",
        "sameSite": "no_restriction",
        "secure": true,
        "session": false,
        "storeId": null,
        "value": "52498a12102786257bef7f711429c07c292b58aa"
    },
    {
        "domain": ".twitter.com",
        "expirationDate": 1817668113.008751,
        "hostOnly": false,
        "httpOnly": false,
        "name": "ct0",
        "path": "/",
        "sameSite": "lax",
        "secure": true,
        "session": false,
        "storeId": null,
        "value": "7a046423d7556fb1fc52b962406c117ffb9ef9d26b9a463323e2238fe9ce5439b5725804ecce2f3c672fbcbec66a4b2e4c80d0d5e8e575d94824f76cad32670366aff4fb7d9793bfb8d2c3b8ec15f910"
    },
    {
        "domain": ".twitter.com",
        "expirationDate": 1660592824.44431,
        "hostOnly": false,
        "httpOnly": false,
        "name": "external_referer",
        "path": "/",
        "sameSite": null,
        "secure": true,
        "session": false,
        "storeId": null,
        "value": "padhuUp37zjgzgv1mFWxJ12Ozwit7owX|0|8e8t2xd8A2w%3D"
    },
    {
        "domain": ".twitter.com",
        "expirationDate": 1723060021.705073,
        "hostOnly": false,
        "httpOnly": false,
        "name": "guest_id_ads",
        "path": "/",
        "sameSite": "no_restriction",
        "secure": true,
        "session": false,
        "storeId": null,
        "value": "v1%3A165998802190087113"
    },
    {
        "domain": ".twitter.com",
        "expirationDate": 1723060021.704931,
        "hostOnly": false,
        "httpOnly": false,
        "name": "guest_id_marketing",
        "path": "/",
        "sameSite": "no_restriction",
        "secure": true,
        "session": false,
        "storeId": null,
        "value": "v1%3A165998802190087113"
    },
    {
        "domain": ".twitter.com",
        "expirationDate": 1707248912.763831,
        "hostOnly": false,
        "httpOnly": true,
        "name": "kdt",
        "path": "/",
        "sameSite": null,
        "secure": true,
        "session": false,
        "storeId": null,
        "value": "WqgVKb70P95hhesWWKGhg7GQrmSZ2A5kESREvmJH"
    },
    {
        "domain": "twitter.com",
        "hostOnly": true,
        "httpOnly": false,
        "name": "lang",
        "path": "/",
        "sameSite": null,
        "secure": false,
        "session": true,
        "storeId": null,
        "value": "en"
    },
    {
        "domain": ".twitter.com",
        "expirationDate": 1723060021.705106,
        "hostOnly": false,
        "httpOnly": false,
        "name": "personalization_id",
        "path": "/",
        "sameSite": "no_restriction",
        "secure": true,
        "session": false,
        "storeId": null,
        "value": "\"v1_+dSDNx0uvRf0J2WCZ3u6Lw==\""
    },
    {
        "domain": ".twitter.com",
        "expirationDate": 1691566568.864395,
        "hostOnly": false,
        "httpOnly": false,
        "name": "twid",
        "path": "/",
        "sameSite": "no_restriction",
        "secure": true,
        "session": false,
        "storeId": null,
        "value": "u%3D1550404128261668866"
    }
]
Abigail31674862 | [
    {
        "domain": ".twitter.com",
        "expirationDate": 1723060021.705158,
        "hostOnly": false,
        "httpOnly": false,
        "name": "guest_id",
        "path": "/",
        "sameSite": "no_restriction",
        "secure": true,
        "session": false,
        "storeId": null,
        "value": "v1%3A165998802190087113"
    },
    {
        "domain": ".twitter.com",
        "expirationDate": 1723102572,
        "hostOnly": false,
        "httpOnly": false,
        "name": "_ga",
        "path": "/",
        "sameSite": null,
        "secure": false,
        "session": false,
        "storeId": null,
        "value": "GA1.2.1958777920.1659988025"
    },
    {
        "domain": ".twitter.com",
        "expirationDate": 1660116972,
        "hostOnly": false,
        "httpOnly": false,
        "name": "_gid",
        "path": "/",
        "sameSite": null,
        "secure": false,
        "session": false,
        "storeId": null,
        "value": "GA1.2.847378820.1659988025"
    },
    {
        "domain": "twitter.com",
        "expirationDate": 1660074505,
        "hostOnly": true,
        "httpOnly": false,
        "name": "_sl",
        "path": "/",
        "sameSite": null,
        "secure": true,
        "session": false,
        "storeId": null,
        "value": "1"
    },
    {
        "domain": ".twitter.com",
        "hostOnly": false,
        "httpOnly": true,
        "name": "_twitter_sess",
        "path": "/",
        "sameSite": null,
        "secure": true,
        "session": true,
        "storeId": null,
        "value": "BAh7CSIKZmxhc2hJQzonQWN0aW9uQ29udHJvbGxlcjo6Rmxhc2g6OkZsYXNo%250ASGFzaHsABjoKQHVzZWR7ADoPY3JlYXRlZF9hdGwrCJQi%252F36CAToMY3NyZl9p%250AZCIlNmRkMGE0ODQzMzBiYzQxNTFmMTEyNmVmN2VhNmIxODQ6B2lkIiUyNDdm%250AMGZkZTQ2ZGE3NDM2Njc0MzQ5MDZlYjMwZGMyNg%253D%253D--1298e06b9c77c251bb3c0f1cf225417df09cc8aa"
    },
    {
        "domain": ".twitter.com",
        "expirationDate": 1817668112.763908,
        "hostOnly": false,
        "httpOnly": true,
        "name": "auth_token",
        "path": "/",
        "sameSite": "no_restriction",
        "secure": true,
        "session": false,
        "storeId": null,
        "value": "52498a12102786257bef7f711429c07c292b58aa"
    },
    {
        "domain": ".twitter.com",
        "expirationDate": 1817668113.008751,
        "hostOnly": false,
        "httpOnly": false,
        "name": "ct0",
        "path": "/",
        "sameSite": "lax",
        "secure": true,
        "session": false,
        "storeId": null,
        "value": "7a046423d7556fb1fc52b962406c117ffb9ef9d26b9a463323e2238fe9ce5439b5725804ecce2f3c672fbcbec66a4b2e4c80d0d5e8e575d94824f76cad32670366aff4fb7d9793bfb8d2c3b8ec15f910"
    },
    {
        "domain": ".twitter.com",
        "expirationDate": 1660592824.44431,
        "hostOnly": false,
        "httpOnly": false,
        "name": "external_referer",
        "path": "/",
        "sameSite": null,
        "secure": true,
        "session": false,
        "storeId": null,
        "value": "padhuUp37zjgzgv1mFWxJ12Ozwit7owX|0|8e8t2xd8A2w%3D"
    },
    {
        "domain": ".twitter.com",
        "expirationDate": 1723060021.705073,
        "hostOnly": false,
        "httpOnly": false,
        "name": "guest_id_ads",
        "path": "/",
        "sameSite": "no_restriction",
        "secure": true,
        "session": false,
        "storeId": null,
        "value": "v1%3A165998802190087113"
    },
    {
        "domain": ".twitter.com",
        "expirationDate": 1723060021.704931,
        "hostOnly": false,
        "httpOnly": false,
        "name": "guest_id_marketing",
        "path": "/",
        "sameSite": "no_restriction",
        "secure": true,
        "session": false,
        "storeId": null,
        "value": "v1%3A165998802190087113"
    },
    {
        "domain": ".twitter.com",
        "expirationDate": 1707248912.763831,
        "hostOnly": false,
        "httpOnly": true,
        "name": "kdt",
        "path": "/",
        "sameSite": null,
        "secure": true,
        "session": false,
        "storeId": null,
        "value": "WqgVKb70P95hhesWWKGhg7GQrmSZ2A5kESREvmJH"
    },
    {
        "domain": "twitter.com",
        "hostOnly": true,
        "httpOnly": false,
        "name": "lang",
        "path": "/",
        "sameSite": null,
        "secure": false,
        "session": true,
        "storeId": null,
        "value": "en"
    },
    {
        "domain": ".twitter.com",
        "expirationDate": 1723060021.705106,
        "hostOnly": false,
        "httpOnly": false,
        "name": "personalization_id",
        "path": "/",
        "sameSite": "no_restriction",
        "secure": true,
        "session": false,
        "storeId": null,
        "value": "\"v1_+dSDNx0uvRf0J2WCZ3u6Lw==\""
    },
    {
        "domain": ".twitter.com",
        "expirationDate": 1691566568.864395,
        "hostOnly": false,
        "httpOnly": false,
        "name": "twid",
        "path": "/",
        "sameSite": "no_restriction",
        "secure": true,
        "session": false,
        "storeId": null,
        "value": "u%3D1550404128261668866"
    }
]
Abigail31674862 | [
    {
        "domain": ".twitter.com",
        "expirationDate": 1723060021.705158,
        "hostOnly": false,
        "httpOnly": false,
        "name": "guest_id",
        "path": "/",
        "sameSite": "no_restriction",
        "secure": true,
        "session": false,
        "storeId": null,
        "value": "v1%3A165998802190087113"
    },
    {
        "domain": ".twitter.com",
        "expirationDate": 1723102572,
        "hostOnly": false,
        "httpOnly": false,
        "name": "_ga",
        "path": "/",
        "sameSite": null,
        "secure": false,
        "session": false,
        "storeId": null,
        "value": "GA1.2.1958777920.1659988025"
    },
    {
        "domain": ".twitter.com",
        "expirationDate": 1660116972,
        "hostOnly": false,
        "httpOnly": false,
        "name": "_gid",
        "path": "/",
        "sameSite": null,
        "secure": false,
        "session": false,
        "storeId": null,
        "value": "GA1.2.847378820.1659988025"
    },
    {
        "domain": "twitter.com",
        "expirationDate": 1660074505,
        "hostOnly": true,
        "httpOnly": false,
        "name": "_sl",
        "path": "/",
        "sameSite": null,
        "secure": true,
        "session": false,
        "storeId": null,
        "value": "1"
    },
    {
        "domain": ".twitter.com",
        "hostOnly": false,
        "httpOnly": true,
        "name": "_twitter_sess",
        "path": "/",
        "sameSite": null,
        "secure": true,
        "session": true,
        "storeId": null,
        "value": "BAh7CSIKZmxhc2hJQzonQWN0aW9uQ29udHJvbGxlcjo6Rmxhc2g6OkZsYXNo%250ASGFzaHsABjoKQHVzZWR7ADoPY3JlYXRlZF9hdGwrCJQi%252F36CAToMY3NyZl9p%250AZCIlNmRkMGE0ODQzMzBiYzQxNTFmMTEyNmVmN2VhNmIxODQ6B2lkIiUyNDdm%250AMGZkZTQ2ZGE3NDM2Njc0MzQ5MDZlYjMwZGMyNg%253D%253D--1298e06b9c77c251bb3c0f1cf225417df09cc8aa"
    },
    {
        "domain": ".twitter.com",
        "expirationDate": 1817668112.763908,
        "hostOnly": false,
        "httpOnly": true,
        "name": "auth_token",
        "path": "/",
        "sameSite": "no_restriction",
        "secure": true,
        "session": false,
        "storeId": null,
        "value": "52498a12102786257bef7f711429c07c292b58aa"
    },
    {
        "domain": ".twitter.com",
        "expirationDate": 1817668113.008751,
        "hostOnly": false,
        "httpOnly": false,
        "name": "ct0",
        "path": "/",
        "sameSite": "lax",
        "secure": true,
        "session": false,
        "storeId": null,
        "value": "7a046423d7556fb1fc52b962406c117ffb9ef9d26b9a463323e2238fe9ce5439b5725804ecce2f3c672fbcbec66a4b2e4c80d0d5e8e575d94824f76cad32670366aff4fb7d9793bfb8d2c3b8ec15f910"
    },
    {
        "domain": ".twitter.com",
        "expirationDate": 1660592824.44431,
        "hostOnly": false,
        "httpOnly": false,
        "name": "external_referer",
        "path": "/",
        "sameSite": null,
        "secure": true,
        "session": false,
        "storeId": null,
        "value": "padhuUp37zjgzgv1mFWxJ12Ozwit7owX|0|8e8t2xd8A2w%3D"
    },
    {
        "domain": ".twitter.com",
        "expirationDate": 1723060021.705073,
        "hostOnly": false,
        "httpOnly": false,
        "name": "guest_id_ads",
        "path": "/",
        "sameSite": "no_restriction",
        "secure": true,
        "session": false,
        "storeId": null,
        "value": "v1%3A165998802190087113"
    },
    {
        "domain": ".twitter.com",
        "expirationDate": 1723060021.704931,
        "hostOnly": false,
        "httpOnly": false,
        "name": "guest_id_marketing",
        "path": "/",
        "sameSite": "no_restriction",
        "secure": true,
        "session": false,
        "storeId": null,
        "value": "v1%3A165998802190087113"
    },
    {
        "domain": ".twitter.com",
        "expirationDate": 1707248912.763831,
        "hostOnly": false,
        "httpOnly": true,
        "name": "kdt",
        "path": "/",
        "sameSite": null,
        "secure": true,
        "session": false,
        "storeId": null,
        "value": "WqgVKb70P95hhesWWKGhg7GQrmSZ2A5kESREvmJH"
    },
    {
        "domain": "twitter.com",
        "hostOnly": true,
        "httpOnly": false,
        "name": "lang",
        "path": "/",
        "sameSite": null,
        "secure": false,
        "session": true,
        "storeId": null,
        "value": "en"
    },
    {
        "domain": ".twitter.com",
        "expirationDate": 1723060021.705106,
        "hostOnly": false,
        "httpOnly": false,
        "name": "personalization_id",
        "path": "/",
        "sameSite": "no_restriction",
        "secure": true,
        "session": false,
        "storeId": null,
        "value": "\"v1_+dSDNx0uvRf0J2WCZ3u6Lw==\""
    },
    {
        "domain": ".twitter.com",
        "expirationDate": 1691566568.864395,
        "hostOnly": false,
        "httpOnly": false,
        "name": "twid",
        "path": "/",
        "sameSite": "no_restriction",
        "secure": true,
        "session": false,
        "storeId": null,
        "value": "u%3D1550404128261668866"
    }
]
Abigail31674862 | [
    {
        "domain": ".twitter.com",
        "expirationDate": 1723060021.705158,
        "hostOnly": false,
        "httpOnly": false,
        "name": "guest_id",
        "path": "/",
        "sameSite": "no_restriction",
        "secure": true,
        "session": false,
        "storeId": null,
        "value": "v1%3A165998802190087113"
    },
    {
        "domain": ".twitter.com",
        "expirationDate": 1723102572,
        "hostOnly": false,
        "httpOnly": false,
        "name": "_ga",
        "path": "/",
        "sameSite": null,
        "secure": false,
        "session": false,
        "storeId": null,
        "value": "GA1.2.1958777920.1659988025"
    },
    {
        "domain": ".twitter.com",
        "expirationDate": 1660116972,
        "hostOnly": false,
        "httpOnly": false,
        "name": "_gid",
        "path": "/",
        "sameSite": null,
        "secure": false,
        "session": false,
        "storeId": null,
        "value": "GA1.2.847378820.1659988025"
    },
    {
        "domain": "twitter.com",
        "expirationDate": 1660074505,
        "hostOnly": true,
        "httpOnly": false,
        "name": "_sl",
        "path": "/",
        "sameSite": null,
        "secure": true,
        "session": false,
        "storeId": null,
        "value": "1"
    },
    {
        "domain": ".twitter.com",
        "hostOnly": false,
        "httpOnly": true,
        "name": "_twitter_sess",
        "path": "/",
        "sameSite": null,
        "secure": true,
        "session": true,
        "storeId": null,
        "value": "BAh7CSIKZmxhc2hJQzonQWN0aW9uQ29udHJvbGxlcjo6Rmxhc2g6OkZsYXNo%250ASGFzaHsABjoKQHVzZWR7ADoPY3JlYXRlZF9hdGwrCJQi%252F36CAToMY3NyZl9p%250AZCIlNmRkMGE0ODQzMzBiYzQxNTFmMTEyNmVmN2VhNmIxODQ6B2lkIiUyNDdm%250AMGZkZTQ2ZGE3NDM2Njc0MzQ5MDZlYjMwZGMyNg%253D%253D--1298e06b9c77c251bb3c0f1cf225417df09cc8aa"
    },
    {
        "domain": ".twitter.com",
        "expirationDate": 1817668112.763908,
        "hostOnly": false,
        "httpOnly": true,
        "name": "auth_token",
        "path": "/",
        "sameSite": "no_restriction",
        "secure": true,
        "session": false,
        "storeId": null,
        "value": "52498a12102786257bef7f711429c07c292b58aa"
    },
    {
        "domain": ".twitter.com",
        "expirationDate": 1817668113.008751,
        "hostOnly": false,
        "httpOnly": false,
        "name": "ct0",
        "path": "/",
        "sameSite": "lax",
        "secure": true,
        "session": false,
        "storeId": null,
        "value": "7a046423d7556fb1fc52b962406c117ffb9ef9d26b9a463323e2238fe9ce5439b5725804ecce2f3c672fbcbec66a4b2e4c80d0d5e8e575d94824f76cad32670366aff4fb7d9793bfb8d2c3b8ec15f910"
    },
    {
        "domain": ".twitter.com",
        "expirationDate": 1660592824.44431,
        "hostOnly": false,
        "httpOnly": false,
        "name": "external_referer",
        "path": "/",
        "sameSite": null,
        "secure": true,
        "session": false,
        "storeId": null,
        "value": "padhuUp37zjgzgv1mFWxJ12Ozwit7owX|0|8e8t2xd8A2w%3D"
    },
    {
        "domain": ".twitter.com",
        "expirationDate": 1723060021.705073,
        "hostOnly": false,
        "httpOnly": false,
        "name": "guest_id_ads",
        "path": "/",
        "sameSite": "no_restriction",
        "secure": true,
        "session": false,
        "storeId": null,
        "value": "v1%3A165998802190087113"
    },
    {
        "domain": ".twitter.com",
        "expirationDate": 1723060021.704931,
        "hostOnly": false,
        "httpOnly": false,
        "name": "guest_id_marketing",
        "path": "/",
        "sameSite": "no_restriction",
        "secure": true,
        "session": false,
        "storeId": null,
        "value": "v1%3A165998802190087113"
    },
    {
        "domain": ".twitter.com",
        "expirationDate": 1707248912.763831,
        "hostOnly": false,
        "httpOnly": true,
        "name": "kdt",
        "path": "/",
        "sameSite": null,
        "secure": true,
        "session": false,
        "storeId": null,
        "value": "WqgVKb70P95hhesWWKGhg7GQrmSZ2A5kESREvmJH"
    },
    {
        "domain": "twitter.com",
        "hostOnly": true,
        "httpOnly": false,
        "name": "lang",
        "path": "/",
        "sameSite": null,
        "secure": false,
        "session": true,
        "storeId": null,
        "value": "en"
    },
    {
        "domain": ".twitter.com",
        "expirationDate": 1723060021.705106,
        "hostOnly": false,
        "httpOnly": false,
        "name": "personalization_id",
        "path": "/",
        "sameSite": "no_restriction",
        "secure": true,
        "session": false,
        "storeId": null,
        "value": "\"v1_+dSDNx0uvRf0J2WCZ3u6Lw==\""
    },
    {
        "domain": ".twitter.com",
        "expirationDate": 1691566568.864395,
        "hostOnly": false,
        "httpOnly": false,
        "name": "twid",
        "path": "/",
        "sameSite": "no_restriction",
        "secure": true,
        "session": false,
        "storeId": null,
        "value": "u%3D1550404128261668866"
    }
]
None | [
    {
        "domain": "gleam.io",
        "hostOnly": true,
        "httpOnly": false,
        "name": "fpr",
        "path": "/",
        "sameSite": "no_restriction",
        "secure": true,
        "session": true,
        "storeId": null,
        "value": "70a33941b07b0c632f3195b3fbe126a6.d9491d23e246ab2c450c29934f3264d9"
    },
    {
        "domain": "gleam.io",
        "expirationDate": 1660043819.194854,
        "hostOnly": true,
        "httpOnly": false,
        "name": "PP-8LFqX",
        "path": "/",
        "sameSite": "no_restriction",
        "secure": true,
        "session": false,
        "storeId": null,
        "value": "*"
    },
    {
        "domain": "gleam.io",
        "hostOnly": true,
        "httpOnly": false,
        "name": "XSRF-TOKEN",
        "path": "/",
        "sameSite": "no_restriction",
        "secure": true,
        "session": true,
        "storeId": null,
        "value": "WwMB-JchLmg2QPGfqePzNPhe1c1ebjFul8ck7ZX521yKlu24G9K1HrgwlkBlayBhRZlIkMChUek3QyBJKqkxnw"
    },
    {
        "domain": "gleam.io",
        "expirationDate": 1660126619.195038,
        "hostOnly": true,
        "httpOnly": false,
        "name": "RL-8LFqX",
        "path": "/",
        "sameSite": "no_restriction",
        "secure": true,
        "session": false,
        "storeId": null,
        "value": "https%3A%2F%2Fgleam.io%2F8LFqX%2Ftokensfarm-mega-giveaway"
    },
    {
        "domain": "gleam.io",
        "expirationDate": 1662459419.195092,
        "hostOnly": true,
        "httpOnly": true,
        "name": "_app_session",
        "path": "/",
        "sameSite": "no_restriction",
        "secure": true,
        "session": false,
        "storeId": null,
        "value": "Z27GxDMRIBTxeevAPS%2FYkczjynYv3PqG4u6kme2Pu9it2y8ldFbNRBXrVqwJLo0Owvix7g4xlDwM52Hxp4W2gXTpjhknYI0hSrDWAlRiMhTrsYVgurogWLzHXll768fTm4JAGMUv5qzt%2BZy8yqzym7Y6ljzJ4XdzQ4ptuOCZfwgPJUBTvMN%2BUbkLIvhx%2BpeRkgdGvEb0nOuv3YxGMA2ttyHxGUOO3Djw0XQ2GPMXif8YLKbJvwtHXo5G3LdIFe39imM%2Fmt4zRBcul1m2aqp%2Be0Sf3ZweY5lPKPfctKHaWtTme55BW4iJ2x3L52WsIBrA5%2BeW5ArZosnaxK4z08KuLicv8trlwij64%2FuadvpQqtUmGX0W8Yk0ZjFdClUqkwmmsFHa3DMybB3k04IEshyy392QW2iDqdCD6youDc5dZ6uFiBFbFW7tuX25zA1Pzg%3D%3D--Ms3BstQ4No2R959J--XMoxUYOWvM3kQz%2FpSayJHg%3D%3D"
    },
    {
        "domain": ".gleam.io",
        "expirationDate": 1660042023.121326,
        "hostOnly": false,
        "httpOnly": true,
        "name": "__cf_bm",
        "path": "/",
        "sameSite": "no_restriction",
        "secure": true,
        "session": false,
        "storeId": null,
        "value": "QaEp7mJaKgjazHsNKqEfPPmyosTePCchBvnJMJY6_eA-1660040222-0-AdHIqGgUq8gr/gWfVK5ippqzsIR/KNoxBaUp1si5HF1O0sjVw8DkTV8yleg0o5DDwOA2Ex282Zui19Shk7Fs/dObpTLtnuX0jK3W2mzSdcFeoLa+GO7zYFOTxiNeAqpYaOkmlEuH6SMtyz8+rwbZCfKgNA9/kISRAf4P0F+jbmFL"
    },
    {
        "domain": "gleam.io",
        "hostOnly": true,
        "httpOnly": false,
        "name": "_gfpc",
        "path": "/",
        "sameSite": "no_restriction",
        "secure": true,
        "session": true,
        "storeId": null,
        "value": "c"
    },
    {
        "domain": "gleam.io",
        "expirationDate": 1660126619.195003,
        "hostOnly": true,
        "httpOnly": false,
        "name": "owner_token",
        "path": "/",
        "sameSite": "no_restriction",
        "secure": true,
        "session": false,
        "storeId": null,
        "value": "JmbHwLyFVLuF1Sb02kLsdA"
    }
]
None | [
    {
        "domain": ".tokensfarm.com",
        "expirationDate": 1722605819,
        "hostOnly": false,
        "httpOnly": false,
        "name": "_ga_H1RKPEEYDV",
        "path": "/",
        "sameSite": null,
        "secure": false,
        "session": false,
        "storeId": null,
        "value": "GS1.1.1659533761.1.0.1659533819.2"
    },
    {
        "domain": ".tokensfarm.com",
        "expirationDate": 1660138573,
        "hostOnly": false,
        "httpOnly": false,
        "name": "intercom-session-l8wco9uk",
        "path": "/",
        "sameSite": "lax",
        "secure": false,
        "session": false,
        "storeId": null,
        "value": ""
    },
    {
        "domain": ".tokensfarm.com",
        "expirationDate": 1722605769,
        "hostOnly": false,
        "httpOnly": false,
        "name": "_ga",
        "path": "/",
        "sameSite": null,
        "secure": false,
        "session": false,
        "storeId": null,
        "value": "GA1.1.1391449150.1659533761"
    },
    {
        "domain": ".tokensfarm.com",
        "expirationDate": 1722605819,
        "hostOnly": false,
        "httpOnly": false,
        "name": "_ga_8HR4BX1HXS",
        "path": "/",
        "sameSite": null,
        "secure": false,
        "session": false,
        "storeId": null,
        "value": "GS1.1.1659533769.1.0.1659533819.0"
    },
    {
        "domain": ".tokensfarm.com",
        "expirationDate": 1722605819,
        "hostOnly": false,
        "httpOnly": false,
        "name": "_ga_SWS7G5SYY7",
        "path": "/",
        "sameSite": null,
        "secure": false,
        "session": false,
        "storeId": null,
        "value": "GS1.1.1659533761.1.0.1659533819.0"
    },
    {
        "domain": ".tokensfarm.com",
        "expirationDate": 1691073359.516006,
        "hostOnly": false,
        "httpOnly": true,
        "name": "cf_clearance",
        "path": "/",
        "sameSite": "no_restriction",
        "secure": true,
        "session": false,
        "storeId": null,
        "value": "OaHKKjW2IWtlSqsMV8Prm42z.YABrELtlIDMCBr9ic4-1659533759-0-150"
    },
    {
        "domain": ".tokensfarm.com",
        "expirationDate": 1682863773,
        "hostOnly": false,
        "httpOnly": false,
        "name": "intercom-id-l8wco9uk",
        "path": "/",
        "sameSite": "lax",
        "secure": false,
        "session": false,
        "storeId": null,
        "value": "68725ebd-c3e8-4fa6-a150-6aba9905a771"
    }
]
None | [
    {
        "domain": "gleam.io",
        "hostOnly": true,
        "httpOnly": false,
        "name": "fpr",
        "path": "/",
        "sameSite": "no_restriction",
        "secure": true,
        "session": true,
        "storeId": null,
        "value": "f1f1e5924fed077d583c6fb48d405c20.730c50f5395387f64c51ded546a433b1"
    },
    {
        "domain": "gleam.io",
        "expirationDate": 1660043681.648701,
        "hostOnly": true,
        "httpOnly": false,
        "name": "PP-8LFqX",
        "path": "/",
        "sameSite": "no_restriction",
        "secure": true,
        "session": false,
        "storeId": null,
        "value": "*"
    },
    {
        "domain": "gleam.io",
        "hostOnly": true,
        "httpOnly": false,
        "name": "XSRF-TOKEN",
        "path": "/",
        "sameSite": "no_restriction",
        "secure": true,
        "session": true,
        "storeId": null,
        "value": "f-B5m8b5AaCv3Hl24DYueTwA9Iz1j_9d21J4XZz988OMCwN2sNnR6VwLxWOR17tOfHYzgP9Zti61qsePokA0bw"
    },
    {
        "domain": "gleam.io",
        "expirationDate": 1660126481.648771,
        "hostOnly": true,
        "httpOnly": false,
        "name": "RL-8LFqX",
        "path": "/",
        "sameSite": "no_restriction",
        "secure": true,
        "session": false,
        "storeId": null,
        "value": "https%3A%2F%2Fgleam.io%2F8LFqX%2Ftokensfarm-mega-giveaway"
    },
    {
        "domain": "gleam.io",
        "expirationDate": 1662459281.648807,
        "hostOnly": true,
        "httpOnly": true,
        "name": "_app_session",
        "path": "/",
        "sameSite": "no_restriction",
        "secure": true,
        "session": false,
        "storeId": null,
        "value": "m3gQ2Y9tAfXi%2FHL0wnDg4ZlWuCKKjuRueMEP5nJ%2B8mscakvqQ6u3s1RJ3UXvQKHx%2BuxCvuX2YmyltoOGOVXfwGOUWCF0YuETKhTuC02W%2B%2BYRoAj%2F5zykro6Mr6%2BTcdpe8uI1TOzuumEvmlCCCXz2Nb0fb88VXT6UPmuKs7TVVGxip7TlPh6LmZDutSOLwlF6hN%2FOzkdkz7bHaFX7sUCTP9Sdv5pCO%2F8k3wmkQ1pk3q7Wm6BjJBPccKbJJWj0H0t1TRXHbsiMLY5%2Bv7Mt760iBFTT4Q1xzoSSPclfCwGmde%2Fym0pumFBBAWpt914GKidEU5qPdsAp5qHoKoosgd7MMTmcX7ct5eC6CCQKEveFeoAhrst0TwxeG9zQbaq65f7SFxMSPeWZZxj4gK8Byr6nP17yGpMr62uHuBXVPKA4BXDbq6WOyqL%2Fz3zNivTw%2FQ%3D%3D--7zrualG%2BYsT7imlL--cokFkP0i%2Bab4TtbbpwE%2B7g%3D%3D"
    },
    {
        "domain": ".gleam.io",
        "expirationDate": 1660041886.285963,
        "hostOnly": false,
        "httpOnly": true,
        "name": "__cf_bm",
        "path": "/",
        "sameSite": "no_restriction",
        "secure": true,
        "session": false,
        "storeId": null,
        "value": "eXQjl64oUT7YIfdwsw1RHVY1xfYmvIHaRfuPF9AS6Is-1660040085-0-AQG2Ng16U2vvSxZC16bx8AOsQueEUqfW7D2vqQIszTcnzc9/1V+bzE6J8tSK+1V3eP8WbMdfQSxahcK9/mj6NZoSMjrJtCk1HjJ7kCQUdoXIvp8Gb3g1QB77nH4YTIsFyIGP3xYDpSFHhOHn7S2Pk6BZiGc9YW631wUkgynpiMkZ"
    },
    {
        "domain": "gleam.io",
        "hostOnly": true,
        "httpOnly": false,
        "name": "_gfpc",
        "path": "/",
        "sameSite": "no_restriction",
        "secure": true,
        "session": true,
        "storeId": null,
        "value": "c"
    },
    {
        "domain": "gleam.io",
        "expirationDate": 1660126481.648753,
        "hostOnly": true,
        "httpOnly": false,
        "name": "owner_token",
        "path": "/",
        "sameSite": "no_restriction",
        "secure": true,
        "session": false,
        "storeId": null,
        "value": "Gm9PDslo66Dw_O9xMhHYMg"
    }
]
None | [
    {
        "domain": "gleam.io",
        "hostOnly": true,
        "httpOnly": false,
        "name": "fpr",
        "path": "/",
        "sameSite": "no_restriction",
        "secure": true,
        "session": true,
        "storeId": null,
        "value": "ad2d3d4c69b40d297c5ca6a1989f92b5.b21425db7bf9d91c5273caa45a06e6de"
    },
    {
        "domain": "gleam.io",
        "expirationDate": 1660043683.909708,
        "hostOnly": true,
        "httpOnly": false,
        "name": "PP-8LFqX",
        "path": "/",
        "sameSite": "no_restriction",
        "secure": true,
        "session": false,
        "storeId": null,
        "value": "*"
    },
    {
        "domain": "gleam.io",
        "hostOnly": true,
        "httpOnly": false,
        "name": "XSRF-TOKEN",
        "path": "/",
        "sameSite": "no_restriction",
        "secure": true,
        "session": true,
        "storeId": null,
        "value": "Ne5_gegs3BlUbHmieGZ_XHqG1YrUK7KNNJEyysT56aLPzB3gwV2q9j1Nthjs2kczxfwp70A15bhgfgtXJ4LyvQ"
    },
    {
        "domain": "gleam.io",
        "expirationDate": 1660126483.909917,
        "hostOnly": true,
        "httpOnly": false,
        "name": "RL-8LFqX",
        "path": "/",
        "sameSite": "no_restriction",
        "secure": true,
        "session": false,
        "storeId": null,
        "value": "https%3A%2F%2Fgleam.io%2F8LFqX%2Ftokensfarm-mega-giveaway"
    },
    {
        "domain": "gleam.io",
        "expirationDate": 1662459283.910017,
        "hostOnly": true,
        "httpOnly": true,
        "name": "_app_session",
        "path": "/",
        "sameSite": "no_restriction",
        "secure": true,
        "session": false,
        "storeId": null,
        "value": "lSSMdskN53ycL6xTzuYGZQiYCfDOyTT4PhjECZI9OoL%2Bw1VdZH8tbcK0P%2BeQf0qbVb3v837GddEmVX3WrpxGU8cRTZpjg2GvN90azhgh4oh1L552WlI59tLyaAJRJ8nyWJHkD5Z1Wgd4MfBM%2FEPo2N6jAFZDFAPN4Qe%2FuYZjB%2BP2t6vKSKfYRdM34BkZKalqVGT4AdC1%2FDuWKeU0Q2k5Ge3FSmnSNcK86zC%2By5K7jd6gqn6Dkd%2BPaSxLv9PZVndBRumCZqOQOP3xFHqIxI1FTMESC73OosMZ%2FArZ%2FX0TiotVS4PPV3L4RGZBoJUzPmS0LUwsmOP%2FrSAwWOxvPvOJhiL8fTrV%2FuiZ9Aa%2F9Mdx8O5LjNIjJj4g1VQVSvf54stYEXSuYollhE%2BXVG5X6IaKP9wPveM2cVdFGG03pmAnM88d6X%2BR4iqL%2Fs8KrIO0tQ%3D%3D--GPjlF0p3653dpD4K--eZswdr2BtlAqu5%2BttY66zQ%3D%3D"
    },
    {
        "domain": ".gleam.io",
        "expirationDate": 1660041887.774997,
        "hostOnly": false,
        "httpOnly": true,
        "name": "__cf_bm",
        "path": "/",
        "sameSite": "no_restriction",
        "secure": true,
        "session": false,
        "storeId": null,
        "value": "siJWyiwXd1OpfcDgkKTuz5TqyNiM3voObGNdIbW8QG0-1660040087-0-AWDEEXwsB132GzD4ht1rBw1aZz2nYqk9ZtOQdlx0UMRsHUAMscq+qwmZkPf6YXoYSEUTdxUbTSuJR0kY19ySRUMeW8j5anXR48VJIgsTEP0JnRb3zI6H5HZ8RaKAoxg2IZKe7Tg31BiF3VKjXMRzCtozrKt5AHJJcw7Y39q9CLm+"
    },
    {
        "domain": "gleam.io",
        "hostOnly": true,
        "httpOnly": false,
        "name": "_gfpc",
        "path": "/",
        "sameSite": "no_restriction",
        "secure": true,
        "session": true,
        "storeId": null,
        "value": "c"
    },
    {
        "domain": "gleam.io",
        "expirationDate": 1660126483.909863,
        "hostOnly": true,
        "httpOnly": false,
        "name": "owner_token",
        "path": "/",
        "sameSite": "no_restriction",
        "secure": true,
        "session": false,
        "storeId": null,
        "value": "FWKq4rIRBLuTAdujhJKMrg"
    }
]
None | [
    {
        "domain": "gleam.io",
        "hostOnly": true,
        "httpOnly": false,
        "name": "fpr",
        "path": "/",
        "sameSite": "no_restriction",
        "secure": true,
        "session": true,
        "storeId": null,
        "value": "53d5433fec4d2fe326d8e90f42980cc9.57f98169a0ff1ec8ffcdf8b8946aedf8"
    },
    {
        "domain": "gleam.io",
        "expirationDate": 1660043702.403793,
        "hostOnly": true,
        "httpOnly": false,
        "name": "PP-8LFqX",
        "path": "/",
        "sameSite": "no_restriction",
        "secure": true,
        "session": false,
        "storeId": null,
        "value": "*"
    },
    {
        "domain": "gleam.io",
        "hostOnly": true,
        "httpOnly": false,
        "name": "XSRF-TOKEN",
        "path": "/",
        "sameSite": "no_restriction",
        "secure": true,
        "session": true,
        "storeId": null,
        "value": "alhb9btZKfvfkCYdGMLYqjaS1XrzDuRRiNswwWPKYrxXUez37X0JB99DSoI7KNQDWL4yDXd9mvRLzVfX-RC6vg"
    },
    {
        "domain": "gleam.io",
        "expirationDate": 1660126502.404017,
        "hostOnly": true,
        "httpOnly": false,
        "name": "RL-8LFqX",
        "path": "/",
        "sameSite": "no_restriction",
        "secure": true,
        "session": false,
        "storeId": null,
        "value": "https%3A%2F%2Fgleam.io%2F8LFqX%2Ftokensfarm-mega-giveaway"
    },
    {
        "domain": "gleam.io",
        "expirationDate": 1662459302.404318,
        "hostOnly": true,
        "httpOnly": true,
        "name": "_app_session",
        "path": "/",
        "sameSite": "no_restriction",
        "secure": true,
        "session": false,
        "storeId": null,
        "value": "UBAUSqYTqE9C0RnqDWA4hpjXDzL4UjiMSAshy595qtyZVfHsIjM4XBkQ5gSvN79lGZYl0egPAbQshIi0Bysm04Ew1jiAL90emxOYlQCLKyfe12Uyq9ELFThXJbanwztelY1sitggbR65ZHFvEMggs2rGUcpkfU62GE%2BVjFnmF1OqlY%2F4vP9rwX4hfALXCinmkgY6MhJ9%2Fnz3vxZPYMrK8V76EjrwM2qF4he%2Fh7aAQHGdT9hNbtu5axtKuaXBFR5KfJFAYSMgOpa%2BWNteW4QRFDUujOBR%2Bfu1QS0fHUQITCqSa%2F8zqtYXEhLwBzHcWjY46XLBfrsMPETuUOK7W3p1St8qODmmJi57xhSM74W4mM8g2oowvvCoM0SqkwbUjTp4moBdv8S89%2BaqW03gr8N8Hjq9UugY535xgM%2Feq4vi%2BkqxIfAewZppMlP8m1QkHQ%3D%3D--UV2kmCpUPWflCbxB--7OQPD4AQayRBoM75MgLO8g%3D%3D"
    },
    {
        "domain": ".gleam.io",
        "expirationDate": 1660041907.917459,
        "hostOnly": false,
        "httpOnly": true,
        "name": "__cf_bm",
        "path": "/",
        "sameSite": "no_restriction",
        "secure": true,
        "session": false,
        "storeId": null,
        "value": "XRblTcG7ZxH9MuY7PE9edmrI63jCS7BiJNQ6NuifzKw-1660040107-0-AeCCJjWG0IydlBb8grqR3Pyk2ndz+o0E274ntU8LZaeOTaji4OqnUMp2YmdAhmmB63wCv45gPft7lEkDQAsb/Svbx6WLSQNwmUDskstZB45xPGoj4xbI3z5NRuwC7bF8z5aphvBQNuhc3auyt45IH5syYKRFoyOdsnVt2m9OOkG2"
    },
    {
        "domain": "gleam.io",
        "hostOnly": true,
        "httpOnly": false,
        "name": "_gfpc",
        "path": "/",
        "sameSite": "no_restriction",
        "secure": true,
        "session": true,
        "storeId": null,
        "value": "c"
    },
    {
        "domain": "gleam.io",
        "expirationDate": 1660126502.403858,
        "hostOnly": true,
        "httpOnly": false,
        "name": "owner_token",
        "path": "/",
        "sameSite": "no_restriction",
        "secure": true,
        "session": false,
        "storeId": null,
        "value": "e_iWiLN4K5B6AymIaajjwA"
    }
]
None | [
    {
        "domain": "gleam.io",
        "hostOnly": true,
        "httpOnly": false,
        "name": "fpr",
        "path": "/",
        "sameSite": "no_restriction",
        "secure": true,
        "session": true,
        "storeId": null,
        "value": "06d6870452153b18c496e2813ab8c2f5.8d4f66fd0fff9116152fb030aa0d6851"
    },
    {
        "domain": "gleam.io",
        "expirationDate": 1660043680.564149,
        "hostOnly": true,
        "httpOnly": false,
        "name": "PP-8LFqX",
        "path": "/",
        "sameSite": "no_restriction",
        "secure": true,
        "session": false,
        "storeId": null,
        "value": "*"
    },
    {
        "domain": "gleam.io",
        "hostOnly": true,
        "httpOnly": false,
        "name": "XSRF-TOKEN",
        "path": "/",
        "sameSite": "no_restriction",
        "secure": true,
        "session": true,
        "storeId": null,
        "value": "uc9HK5Dzm2o6l7ECyUxdHXJwusYjqX8STeRb7G7-O_r411Lz8WOAAdTjsLyfM9cWJaSMe_GosdAC4C57Km9eNQ"
    },
    {
        "domain": "gleam.io",
        "expirationDate": 1660126480.56426,
        "hostOnly": true,
        "httpOnly": false,
        "name": "RL-8LFqX",
        "path": "/",
        "sameSite": "no_restriction",
        "secure": true,
        "session": false,
        "storeId": null,
        "value": "https%3A%2F%2Fgleam.io%2F8LFqX%2Ftokensfarm-mega-giveaway"
    },
    {
        "domain": "gleam.io",
        "expirationDate": 1662459280.564338,
        "hostOnly": true,
        "httpOnly": true,
        "name": "_app_session",
        "path": "/",
        "sameSite": "no_restriction",
        "secure": true,
        "session": false,
        "storeId": null,
        "value": "frGFLUnrYFAW9wDvtsfc%2FeE6QHc0rKtdfRQ%2FriPMYUzPLEAOfpQ83fOWi17aHu5T1idGsYP0keiLH0Cit8LBvs%2F6mg8RYN38eMu7i3CtPDrm4wpoS7af3TOIGrM6RcsxA2mOXDUVLV%2BLAljLX%2FQgiZvy1QP0xLFUQ2xnDhruYkbvi4lcDUbOdUm%2F3PZjSMUqbw3bDVko%2FzdUDBS2rQ%2BLx9eNy9gWhxJ8sOJXasuWfXW%2FJPJrxcA2dH6%2BEoeJOWkBUTEudMCSNjwJEJ48ZY81hp36rDoUULiut4L%2Bv1MqTwZTgwhD6hzvzAk8n3%2FZXszvI03gK5KZSNj3DnQPmXPGi%2BmeNtPKf1DUWdCELN%2FjgEx3VKpAN8aql6Rz4lfeiRsfgHf2%2BOVb5k5O3xJ3nmHI4LmyJSsl1gjAsskEVEzLeFRtJUUoMFnmacAGakfjZA%3D%3D--IZlUnS9lTLdi2vla--%2FDrGsiK0Q7hyfRXaHGMOlg%3D%3D"
    },
    {
        "domain": ".gleam.io",
        "expirationDate": 1660041885.204043,
        "hostOnly": false,
        "httpOnly": true,
        "name": "__cf_bm",
        "path": "/",
        "sameSite": "no_restriction",
        "secure": true,
        "session": false,
        "storeId": null,
        "value": "JEUAAoLOmGfMgNAGt7aiNX6gdKWpgFerDM6Hwj_JT8s-1660040084-0-ASz0tEb7B/RC6iK5UTF1Wd5o8wJ8OK3h2rh+6ogTWyMOVWogVOTKgIgWQcxt83vgAbc8Wi2HlZ2BU6tqi8MMxOtjfWFBZFmkWix//l5qcWl5RYu+7DPpVK4pXS1WKF2IqIUXRQTLPt5EyD25sjLvhQsmYCaW6Hq6ZTOUoXLOT5MS"
    },
    {
        "domain": "gleam.io",
        "hostOnly": true,
        "httpOnly": false,
        "name": "_gfpc",
        "path": "/",
        "sameSite": "no_restriction",
        "secure": true,
        "session": true,
        "storeId": null,
        "value": "c"
    },
    {
        "domain": "gleam.io",
        "expirationDate": 1660126480.564223,
        "hostOnly": true,
        "httpOnly": false,
        "name": "owner_token",
        "path": "/",
        "sameSite": "no_restriction",
        "secure": true,
        "session": false,
        "storeId": null,
        "value": "oKhN8VlHJrTwXYCvTYVBSw"
    }
]
None | [
    {
        domain gleam.io,
        hostOnly true,
        httpOnly false,
        name fpr,
        path ,
        sameSite no_restriction,
        secure true,
        session true,
        storeId null,
        value 161697f938a4ab4a027b8f86e4787636.45b6c43d402fbe0a43c39459ece75a64
    },
    {
        domain gleam.io,
        expirationDate 1660043669.906801,
        hostOnly true,
        httpOnly false,
        name PP-8LFqX,
        path ,
        sameSite no_restriction,
        secure true,
        session false,
        storeId null,
        value 
    },
    {
        domain gleam.io,
        hostOnly true,
        httpOnly false,
        name XSRF-TOKEN,
        path ,
        sameSite no_restriction,
        secure true,
        session true,
        storeId null,
        value LiL2jiibuYp2mXkm2jKz5HhS6KvdwIY6P4ntKTVQ5zXifVYXHunBzDuIoiuJpOHJlJmuKv2v5sXj4i_xb4D9Rg
    },
    {
        domain gleam.io,
        expirationDate 1660126469.906871,
        hostOnly true,
        httpOnly false,
        name RL-8LFqX,
        path ,
        sameSite no_restriction,
        secure true,
        session false,
        storeId null,
        value https%3A%2F%2Fgleam.io%2F8LFqX%2Ftokensfarm-mega-giveaway
    },
    {
        domain gleam.io,
        expirationDate 1662459269.906932,
        hostOnly true,
        httpOnly true,
        name _app_session,
        path ,
        sameSite no_restriction,
        secure true,
        session false,
        storeId null,
        value gRram75%2FSlluGLmwOPbLrw6%2BXNamuLi7C%2BBQwjUpF%2F42DxOk667FUNMWVmXCY9O%2BOO%2FcmtFsNzA5K9J9i0EeiDa0iBroTBOXDcAQCoTvwIwiFuPEtk9Cv4KGZSIvsDU%2Fqc3Soa3r6h8%2B0oBOcx3yrLhiE9xN2a69cExFTgxKTuZRQepLVbRbM6n3FKnqP9dy5FK9%2BDXnwA7Q1Fm9XJ6ssK64WPYzlOtrpe0C%2BYsHp8h%2BdNu4b8rPhGZaoS5QfVdsY1mfJII5wKvcF%2Bzd7GvUmm0tYiKe9oBLyNqQgBiWY%2BxMlFx9wGCSnetk5zWKYQEJ6GIKf5YAUEZh%2BshKto60ZcfI0n2%2FMMGKfSq6uU96In%2FCam3O5iaq635YR1bA6FvrxyPvha5sUuHRrqj03c5tKUIqXvQM64Itzbnbyx9jdyOu1OM548Iw%2BmwB8coyMQ%3D%3D--%2FGI3L6wBhhlyDFE%2B--z%2BjqbkpCblW64%2FTEGZJNdg%3D%3D
    },
    {
        domain .gleam.io,
        expirationDate 1660041873.469813,
        hostOnly false,
        httpOnly true,
        name __cf_bm,
        path ,
        sameSite no_restriction,
        secure true,
        session false,
        storeId null,
        value AOHsTMIO.HNqZR4Ipd.4.7ozCvx6gJd5yRMbg8dfHyc-1660040073-0-ASoCaEfoYukBREZQuXDw4E8eA6dOpbWlN6GWA9Iq0DBycNXLr2i4NwDKqMajc1K+XlWwt82ftK0wSYJLPnXfx0zAhSFyUjVQ5Ek6SEtsQf73rzYuPnQk0V8fMnmPx5leOgSx8Py6nYIoYzQFiDneZ3IyGZgCaAoa4KwiIfpLQXL
    },
    {
        domain gleam.io,
        hostOnly true,
        httpOnly false,
        name _gfpc,
        path ,
        sameSite no_restriction,
        secure true,
        session true,
        storeId null,
        value c
    },
    {
        domain gleam.io,
        expirationDate 1660126469.906856,
        hostOnly true,
        httpOnly false,
        name owner_token,
        path ,
        sameSite no_restriction,
        secure true,
        session false,
        storeId null,
        value 7vukKqbHnIFIXHX8BDXhQQ
    }
]
None | [
    {
        "domain": ".tokensfarm.com",
        "expirationDate": 1722605819,
        "hostOnly": false,
        "httpOnly": false,
        "name": "_ga_H1RKPEEYDV",
        "path": "/",
        "sameSite": null,
        "secure": false,
        "session": false,
        "storeId": null,
        "value": "GS1.1.1659533761.1.0.1659533819.2"
    },
    {
        "domain": ".tokensfarm.com",
        "expirationDate": 1660138573,
        "hostOnly": false,
        "httpOnly": false,
        "name": "intercom-session-l8wco9uk",
        "path": "/",
        "sameSite": "lax",
        "secure": false,
        "session": false,
        "storeId": null,
        "value": ""
    },
    {
        "domain": ".tokensfarm.com",
        "expirationDate": 1722605769,
        "hostOnly": false,
        "httpOnly": false,
        "name": "_ga",
        "path": "/",
        "sameSite": null,
        "secure": false,
        "session": false,
        "storeId": null,
        "value": "GA1.1.1391449150.1659533761"
    },
    {
        "domain": ".tokensfarm.com",
        "expirationDate": 1722605819,
        "hostOnly": false,
        "httpOnly": false,
        "name": "_ga_8HR4BX1HXS",
        "path": "/",
        "sameSite": null,
        "secure": false,
        "session": false,
        "storeId": null,
        "value": "GS1.1.1659533769.1.0.1659533819.0"
    },
    {
        "domain": ".tokensfarm.com",
        "expirationDate": 1722605819,
        "hostOnly": false,
        "httpOnly": false,
        "name": "_ga_SWS7G5SYY7",
        "path": "/",
        "sameSite": null,
        "secure": false,
        "session": false,
        "storeId": null,
        "value": "GS1.1.1659533761.1.0.1659533819.0"
    },
    {
        "domain": ".tokensfarm.com",
        "expirationDate": 1691073359.516006,
        "hostOnly": false,
        "httpOnly": true,
        "name": "cf_clearance",
        "path": "/",
        "sameSite": "no_restriction",
        "secure": true,
        "session": false,
        "storeId": null,
        "value": "OaHKKjW2IWtlSqsMV8Prm42z.YABrELtlIDMCBr9ic4-1659533759-0-150"
    },
    {
        "domain": ".tokensfarm.com",
        "expirationDate": 1682863773,
        "hostOnly": false,
        "httpOnly": false,
        "name": "intercom-id-l8wco9uk",
        "path": "/",
        "sameSite": "lax",
        "secure": false,
        "session": false,
        "storeId": null,
        "value": "68725ebd-c3e8-4fa6-a150-6aba9905a771"
    }
]
None | [
    {
        "domain": "gleam.io",
        "hostOnly": true,
        "httpOnly": false,
        "name": "fpr",
        "path": "/",
        "sameSite": "no_restriction",
        "secure": true,
        "session": true,
        "storeId": null,
        "value": "70a33941b07b0c632f3195b3fbe126a6.d9491d23e246ab2c450c29934f3264d9"
    },
    {
        "domain": "gleam.io",
        "expirationDate": 1660043819.194854,
        "hostOnly": true,
        "httpOnly": false,
        "name": "PP-8LFqX",
        "path": "/",
        "sameSite": "no_restriction",
        "secure": true,
        "session": false,
        "storeId": null,
        "value": "*"
    },
    {
        "domain": "gleam.io",
        "hostOnly": true,
        "httpOnly": false,
        "name": "XSRF-TOKEN",
        "path": "/",
        "sameSite": "no_restriction",
        "secure": true,
        "session": true,
        "storeId": null,
        "value": "WwMB-JchLmg2QPGfqePzNPhe1c1ebjFul8ck7ZX521yKlu24G9K1HrgwlkBlayBhRZlIkMChUek3QyBJKqkxnw"
    },
    {
        "domain": "gleam.io",
        "expirationDate": 1660126619.195038,
        "hostOnly": true,
        "httpOnly": false,
        "name": "RL-8LFqX",
        "path": "/",
        "sameSite": "no_restriction",
        "secure": true,
        "session": false,
        "storeId": null,
        "value": "https%3A%2F%2Fgleam.io%2F8LFqX%2Ftokensfarm-mega-giveaway"
    },
    {
        "domain": "gleam.io",
        "expirationDate": 1662459419.195092,
        "hostOnly": true,
        "httpOnly": true,
        "name": "_app_session",
        "path": "/",
        "sameSite": "no_restriction",
        "secure": true,
        "session": false,
        "storeId": null,
        "value": "Z27GxDMRIBTxeevAPS%2FYkczjynYv3PqG4u6kme2Pu9it2y8ldFbNRBXrVqwJLo0Owvix7g4xlDwM52Hxp4W2gXTpjhknYI0hSrDWAlRiMhTrsYVgurogWLzHXll768fTm4JAGMUv5qzt%2BZy8yqzym7Y6ljzJ4XdzQ4ptuOCZfwgPJUBTvMN%2BUbkLIvhx%2BpeRkgdGvEb0nOuv3YxGMA2ttyHxGUOO3Djw0XQ2GPMXif8YLKbJvwtHXo5G3LdIFe39imM%2Fmt4zRBcul1m2aqp%2Be0Sf3ZweY5lPKPfctKHaWtTme55BW4iJ2x3L52WsIBrA5%2BeW5ArZosnaxK4z08KuLicv8trlwij64%2FuadvpQqtUmGX0W8Yk0ZjFdClUqkwmmsFHa3DMybB3k04IEshyy392QW2iDqdCD6youDc5dZ6uFiBFbFW7tuX25zA1Pzg%3D%3D--Ms3BstQ4No2R959J--XMoxUYOWvM3kQz%2FpSayJHg%3D%3D"
    },
    {
        "domain": ".gleam.io",
        "expirationDate": 1660042023.121326,
        "hostOnly": false,
        "httpOnly": true,
        "name": "__cf_bm",
        "path": "/",
        "sameSite": "no_restriction",
        "secure": true,
        "session": false,
        "storeId": null,
        "value": "QaEp7mJaKgjazHsNKqEfPPmyosTePCchBvnJMJY6_eA-1660040222-0-AdHIqGgUq8gr/gWfVK5ippqzsIR/KNoxBaUp1si5HF1O0sjVw8DkTV8yleg0o5DDwOA2Ex282Zui19Shk7Fs/dObpTLtnuX0jK3W2mzSdcFeoLa+GO7zYFOTxiNeAqpYaOkmlEuH6SMtyz8+rwbZCfKgNA9/kISRAf4P0F+jbmFL"
    },
    {
        "domain": "gleam.io",
        "hostOnly": true,
        "httpOnly": false,
        "name": "_gfpc",
        "path": "/",
        "sameSite": "no_restriction",
        "secure": true,
        "session": true,
        "storeId": null,
        "value": "c"
    },
    {
        "domain": "gleam.io",
        "expirationDate": 1660126619.195003,
        "hostOnly": true,
        "httpOnly": false,
        "name": "owner_token",
        "path": "/",
        "sameSite": "no_restriction",
        "secure": true,
        "session": false,
        "storeId": null,
        "value": "JmbHwLyFVLuF1Sb02kLsdA"
    }
]
None | [
    {
        "domain": "gleam.io",
        "hostOnly": true,
        "httpOnly": false,
        "name": "fpr",
        "path": "/",
        "sameSite": "no_restriction",
        "secure": true,
        "session": true,
        "storeId": null,
        "value": "f1f1e5924fed077d583c6fb48d405c20.730c50f5395387f64c51ded546a433b1"
    },
    {
        "domain": "gleam.io",
        "expirationDate": 1660043681.648701,
        "hostOnly": true,
        "httpOnly": false,
        "name": "PP-8LFqX",
        "path": "/",
        "sameSite": "no_restriction",
        "secure": true,
        "session": false,
        "storeId": null,
        "value": "*"
    },
    {
        "domain": "gleam.io",
        "hostOnly": true,
        "httpOnly": false,
        "name": "XSRF-TOKEN",
        "path": "/",
        "sameSite": "no_restriction",
        "secure": true,
        "session": true,
        "storeId": null,
        "value": "f-B5m8b5AaCv3Hl24DYueTwA9Iz1j_9d21J4XZz988OMCwN2sNnR6VwLxWOR17tOfHYzgP9Zti61qsePokA0bw"
    },
    {
        "domain": "gleam.io",
        "expirationDate": 1660126481.648771,
        "hostOnly": true,
        "httpOnly": false,
        "name": "RL-8LFqX",
        "path": "/",
        "sameSite": "no_restriction",
        "secure": true,
        "session": false,
        "storeId": null,
        "value": "https%3A%2F%2Fgleam.io%2F8LFqX%2Ftokensfarm-mega-giveaway"
    },
    {
        "domain": "gleam.io",
        "expirationDate": 1662459281.648807,
        "hostOnly": true,
        "httpOnly": true,
        "name": "_app_session",
        "path": "/",
        "sameSite": "no_restriction",
        "secure": true,
        "session": false,
        "storeId": null,
        "value": "m3gQ2Y9tAfXi%2FHL0wnDg4ZlWuCKKjuRueMEP5nJ%2B8mscakvqQ6u3s1RJ3UXvQKHx%2BuxCvuX2YmyltoOGOVXfwGOUWCF0YuETKhTuC02W%2B%2BYRoAj%2F5zykro6Mr6%2BTcdpe8uI1TOzuumEvmlCCCXz2Nb0fb88VXT6UPmuKs7TVVGxip7TlPh6LmZDutSOLwlF6hN%2FOzkdkz7bHaFX7sUCTP9Sdv5pCO%2F8k3wmkQ1pk3q7Wm6BjJBPccKbJJWj0H0t1TRXHbsiMLY5%2Bv7Mt760iBFTT4Q1xzoSSPclfCwGmde%2Fym0pumFBBAWpt914GKidEU5qPdsAp5qHoKoosgd7MMTmcX7ct5eC6CCQKEveFeoAhrst0TwxeG9zQbaq65f7SFxMSPeWZZxj4gK8Byr6nP17yGpMr62uHuBXVPKA4BXDbq6WOyqL%2Fz3zNivTw%2FQ%3D%3D--7zrualG%2BYsT7imlL--cokFkP0i%2Bab4TtbbpwE%2B7g%3D%3D"
    },
    {
        "domain": ".gleam.io",
        "expirationDate": 1660041886.285963,
        "hostOnly": false,
        "httpOnly": true,
        "name": "__cf_bm",
        "path": "/",
        "sameSite": "no_restriction",
        "secure": true,
        "session": false,
        "storeId": null,
        "value": "eXQjl64oUT7YIfdwsw1RHVY1xfYmvIHaRfuPF9AS6Is-1660040085-0-AQG2Ng16U2vvSxZC16bx8AOsQueEUqfW7D2vqQIszTcnzc9/1V+bzE6J8tSK+1V3eP8WbMdfQSxahcK9/mj6NZoSMjrJtCk1HjJ7kCQUdoXIvp8Gb3g1QB77nH4YTIsFyIGP3xYDpSFHhOHn7S2Pk6BZiGc9YW631wUkgynpiMkZ"
    },
    {
        "domain": "gleam.io",
        "hostOnly": true,
        "httpOnly": false,
        "name": "_gfpc",
        "path": "/",
        "sameSite": "no_restriction",
        "secure": true,
        "session": true,
        "storeId": null,
        "value": "c"
    },
    {
        "domain": "gleam.io",
        "expirationDate": 1660126481.648753,
        "hostOnly": true,
        "httpOnly": false,
        "name": "owner_token",
        "path": "/",
        "sameSite": "no_restriction",
        "secure": true,
        "session": false,
        "storeId": null,
        "value": "Gm9PDslo66Dw_O9xMhHYMg"
    }
]
None | [
    {
        "domain": "gleam.io",
        "hostOnly": true,
        "httpOnly": false,
        "name": "fpr",
        "path": "/",
        "sameSite": "no_restriction",
        "secure": true,
        "session": true,
        "storeId": null,
        "value": "ad2d3d4c69b40d297c5ca6a1989f92b5.b21425db7bf9d91c5273caa45a06e6de"
    },
    {
        "domain": "gleam.io",
        "expirationDate": 1660043683.909708,
        "hostOnly": true,
        "httpOnly": false,
        "name": "PP-8LFqX",
        "path": "/",
        "sameSite": "no_restriction",
        "secure": true,
        "session": false,
        "storeId": null,
        "value": "*"
    },
    {
        "domain": "gleam.io",
        "hostOnly": true,
        "httpOnly": false,
        "name": "XSRF-TOKEN",
        "path": "/",
        "sameSite": "no_restriction",
        "secure": true,
        "session": true,
        "storeId": null,
        "value": "Ne5_gegs3BlUbHmieGZ_XHqG1YrUK7KNNJEyysT56aLPzB3gwV2q9j1Nthjs2kczxfwp70A15bhgfgtXJ4LyvQ"
    },
    {
        "domain": "gleam.io",
        "expirationDate": 1660126483.909917,
        "hostOnly": true,
        "httpOnly": false,
        "name": "RL-8LFqX",
        "path": "/",
        "sameSite": "no_restriction",
        "secure": true,
        "session": false,
        "storeId": null,
        "value": "https%3A%2F%2Fgleam.io%2F8LFqX%2Ftokensfarm-mega-giveaway"
    },
    {
        "domain": "gleam.io",
        "expirationDate": 1662459283.910017,
        "hostOnly": true,
        "httpOnly": true,
        "name": "_app_session",
        "path": "/",
        "sameSite": "no_restriction",
        "secure": true,
        "session": false,
        "storeId": null,
        "value": "lSSMdskN53ycL6xTzuYGZQiYCfDOyTT4PhjECZI9OoL%2Bw1VdZH8tbcK0P%2BeQf0qbVb3v837GddEmVX3WrpxGU8cRTZpjg2GvN90azhgh4oh1L552WlI59tLyaAJRJ8nyWJHkD5Z1Wgd4MfBM%2FEPo2N6jAFZDFAPN4Qe%2FuYZjB%2BP2t6vKSKfYRdM34BkZKalqVGT4AdC1%2FDuWKeU0Q2k5Ge3FSmnSNcK86zC%2By5K7jd6gqn6Dkd%2BPaSxLv9PZVndBRumCZqOQOP3xFHqIxI1FTMESC73OosMZ%2FArZ%2FX0TiotVS4PPV3L4RGZBoJUzPmS0LUwsmOP%2FrSAwWOxvPvOJhiL8fTrV%2FuiZ9Aa%2F9Mdx8O5LjNIjJj4g1VQVSvf54stYEXSuYollhE%2BXVG5X6IaKP9wPveM2cVdFGG03pmAnM88d6X%2BR4iqL%2Fs8KrIO0tQ%3D%3D--GPjlF0p3653dpD4K--eZswdr2BtlAqu5%2BttY66zQ%3D%3D"
    },
    {
        "domain": ".gleam.io",
        "expirationDate": 1660041887.774997,
        "hostOnly": false,
        "httpOnly": true,
        "name": "__cf_bm",
        "path": "/",
        "sameSite": "no_restriction",
        "secure": true,
        "session": false,
        "storeId": null,
        "value": "siJWyiwXd1OpfcDgkKTuz5TqyNiM3voObGNdIbW8QG0-1660040087-0-AWDEEXwsB132GzD4ht1rBw1aZz2nYqk9ZtOQdlx0UMRsHUAMscq+qwmZkPf6YXoYSEUTdxUbTSuJR0kY19ySRUMeW8j5anXR48VJIgsTEP0JnRb3zI6H5HZ8RaKAoxg2IZKe7Tg31BiF3VKjXMRzCtozrKt5AHJJcw7Y39q9CLm+"
    },
    {
        "domain": "gleam.io",
        "hostOnly": true,
        "httpOnly": false,
        "name": "_gfpc",
        "path": "/",
        "sameSite": "no_restriction",
        "secure": true,
        "session": true,
        "storeId": null,
        "value": "c"
    },
    {
        "domain": "gleam.io",
        "expirationDate": 1660126483.909863,
        "hostOnly": true,
        "httpOnly": false,
        "name": "owner_token",
        "path": "/",
        "sameSite": "no_restriction",
        "secure": true,
        "session": false,
        "storeId": null,
        "value": "FWKq4rIRBLuTAdujhJKMrg"
    }
]
None | [
    {
        "domain": "gleam.io",
        "hostOnly": true,
        "httpOnly": false,
        "name": "fpr",
        "path": "/",
        "sameSite": "no_restriction",
        "secure": true,
        "session": true,
        "storeId": null,
        "value": "53d5433fec4d2fe326d8e90f42980cc9.57f98169a0ff1ec8ffcdf8b8946aedf8"
    },
    {
        "domain": "gleam.io",
        "expirationDate": 1660043702.403793,
        "hostOnly": true,
        "httpOnly": false,
        "name": "PP-8LFqX",
        "path": "/",
        "sameSite": "no_restriction",
        "secure": true,
        "session": false,
        "storeId": null,
        "value": "*"
    },
    {
        "domain": "gleam.io",
        "hostOnly": true,
        "httpOnly": false,
        "name": "XSRF-TOKEN",
        "path": "/",
        "sameSite": "no_restriction",
        "secure": true,
        "session": true,
        "storeId": null,
        "value": "alhb9btZKfvfkCYdGMLYqjaS1XrzDuRRiNswwWPKYrxXUez37X0JB99DSoI7KNQDWL4yDXd9mvRLzVfX-RC6vg"
    },
    {
        "domain": "gleam.io",
        "expirationDate": 1660126502.404017,
        "hostOnly": true,
        "httpOnly": false,
        "name": "RL-8LFqX",
        "path": "/",
        "sameSite": "no_restriction",
        "secure": true,
        "session": false,
        "storeId": null,
        "value": "https%3A%2F%2Fgleam.io%2F8LFqX%2Ftokensfarm-mega-giveaway"
    },
    {
        "domain": "gleam.io",
        "expirationDate": 1662459302.404318,
        "hostOnly": true,
        "httpOnly": true,
        "name": "_app_session",
        "path": "/",
        "sameSite": "no_restriction",
        "secure": true,
        "session": false,
        "storeId": null,
        "value": "UBAUSqYTqE9C0RnqDWA4hpjXDzL4UjiMSAshy595qtyZVfHsIjM4XBkQ5gSvN79lGZYl0egPAbQshIi0Bysm04Ew1jiAL90emxOYlQCLKyfe12Uyq9ELFThXJbanwztelY1sitggbR65ZHFvEMggs2rGUcpkfU62GE%2BVjFnmF1OqlY%2F4vP9rwX4hfALXCinmkgY6MhJ9%2Fnz3vxZPYMrK8V76EjrwM2qF4he%2Fh7aAQHGdT9hNbtu5axtKuaXBFR5KfJFAYSMgOpa%2BWNteW4QRFDUujOBR%2Bfu1QS0fHUQITCqSa%2F8zqtYXEhLwBzHcWjY46XLBfrsMPETuUOK7W3p1St8qODmmJi57xhSM74W4mM8g2oowvvCoM0SqkwbUjTp4moBdv8S89%2BaqW03gr8N8Hjq9UugY535xgM%2Feq4vi%2BkqxIfAewZppMlP8m1QkHQ%3D%3D--UV2kmCpUPWflCbxB--7OQPD4AQayRBoM75MgLO8g%3D%3D"
    },
    {
        "domain": ".gleam.io",
        "expirationDate": 1660041907.917459,
        "hostOnly": false,
        "httpOnly": true,
        "name": "__cf_bm",
        "path": "/",
        "sameSite": "no_restriction",
        "secure": true,
        "session": false,
        "storeId": null,
        "value": "XRblTcG7ZxH9MuY7PE9edmrI63jCS7BiJNQ6NuifzKw-1660040107-0-AeCCJjWG0IydlBb8grqR3Pyk2ndz+o0E274ntU8LZaeOTaji4OqnUMp2YmdAhmmB63wCv45gPft7lEkDQAsb/Svbx6WLSQNwmUDskstZB45xPGoj4xbI3z5NRuwC7bF8z5aphvBQNuhc3auyt45IH5syYKRFoyOdsnVt2m9OOkG2"
    },
    {
        "domain": "gleam.io",
        "hostOnly": true,
        "httpOnly": false,
        "name": "_gfpc",
        "path": "/",
        "sameSite": "no_restriction",
        "secure": true,
        "session": true,
        "storeId": null,
        "value": "c"
    },
    {
        "domain": "gleam.io",
        "expirationDate": 1660126502.403858,
        "hostOnly": true,
        "httpOnly": false,
        "name": "owner_token",
        "path": "/",
        "sameSite": "no_restriction",
        "secure": true,
        "session": false,
        "storeId": null,
        "value": "e_iWiLN4K5B6AymIaajjwA"
    }
]
None | [
    {
        "domain": "gleam.io",
        "hostOnly": true,
        "httpOnly": false,
        "name": "fpr",
        "path": "/",
        "sameSite": "no_restriction",
        "secure": true,
        "session": true,
        "storeId": null,
        "value": "06d6870452153b18c496e2813ab8c2f5.8d4f66fd0fff9116152fb030aa0d6851"
    },
    {
        "domain": "gleam.io",
        "expirationDate": 1660043680.564149,
        "hostOnly": true,
        "httpOnly": false,
        "name": "PP-8LFqX",
        "path": "/",
        "sameSite": "no_restriction",
        "secure": true,
        "session": false,
        "storeId": null,
        "value": "*"
    },
    {
        "domain": "gleam.io",
        "hostOnly": true,
        "httpOnly": false,
        "name": "XSRF-TOKEN",
        "path": "/",
        "sameSite": "no_restriction",
        "secure": true,
        "session": true,
        "storeId": null,
        "value": "uc9HK5Dzm2o6l7ECyUxdHXJwusYjqX8STeRb7G7-O_r411Lz8WOAAdTjsLyfM9cWJaSMe_GosdAC4C57Km9eNQ"
    },
    {
        "domain": "gleam.io",
        "expirationDate": 1660126480.56426,
        "hostOnly": true,
        "httpOnly": false,
        "name": "RL-8LFqX",
        "path": "/",
        "sameSite": "no_restriction",
        "secure": true,
        "session": false,
        "storeId": null,
        "value": "https%3A%2F%2Fgleam.io%2F8LFqX%2Ftokensfarm-mega-giveaway"
    },
    {
        "domain": "gleam.io",
        "expirationDate": 1662459280.564338,
        "hostOnly": true,
        "httpOnly": true,
        "name": "_app_session",
        "path": "/",
        "sameSite": "no_restriction",
        "secure": true,
        "session": false,
        "storeId": null,
        "value": "frGFLUnrYFAW9wDvtsfc%2FeE6QHc0rKtdfRQ%2FriPMYUzPLEAOfpQ83fOWi17aHu5T1idGsYP0keiLH0Cit8LBvs%2F6mg8RYN38eMu7i3CtPDrm4wpoS7af3TOIGrM6RcsxA2mOXDUVLV%2BLAljLX%2FQgiZvy1QP0xLFUQ2xnDhruYkbvi4lcDUbOdUm%2F3PZjSMUqbw3bDVko%2FzdUDBS2rQ%2BLx9eNy9gWhxJ8sOJXasuWfXW%2FJPJrxcA2dH6%2BEoeJOWkBUTEudMCSNjwJEJ48ZY81hp36rDoUULiut4L%2Bv1MqTwZTgwhD6hzvzAk8n3%2FZXszvI03gK5KZSNj3DnQPmXPGi%2BmeNtPKf1DUWdCELN%2FjgEx3VKpAN8aql6Rz4lfeiRsfgHf2%2BOVb5k5O3xJ3nmHI4LmyJSsl1gjAsskEVEzLeFRtJUUoMFnmacAGakfjZA%3D%3D--IZlUnS9lTLdi2vla--%2FDrGsiK0Q7hyfRXaHGMOlg%3D%3D"
    },
    {
        "domain": ".gleam.io",
        "expirationDate": 1660041885.204043,
        "hostOnly": false,
        "httpOnly": true,
        "name": "__cf_bm",
        "path": "/",
        "sameSite": "no_restriction",
        "secure": true,
        "session": false,
        "storeId": null,
        "value": "JEUAAoLOmGfMgNAGt7aiNX6gdKWpgFerDM6Hwj_JT8s-1660040084-0-ASz0tEb7B/RC6iK5UTF1Wd5o8wJ8OK3h2rh+6ogTWyMOVWogVOTKgIgWQcxt83vgAbc8Wi2HlZ2BU6tqi8MMxOtjfWFBZFmkWix//l5qcWl5RYu+7DPpVK4pXS1WKF2IqIUXRQTLPt5EyD25sjLvhQsmYCaW6Hq6ZTOUoXLOT5MS"
    },
    {
        "domain": "gleam.io",
        "hostOnly": true,
        "httpOnly": false,
        "name": "_gfpc",
        "path": "/",
        "sameSite": "no_restriction",
        "secure": true,
        "session": true,
        "storeId": null,
        "value": "c"
    },
    {
        "domain": "gleam.io",
        "expirationDate": 1660126480.564223,
        "hostOnly": true,
        "httpOnly": false,
        "name": "owner_token",
        "path": "/",
        "sameSite": "no_restriction",
        "secure": true,
        "session": false,
        "storeId": null,
        "value": "oKhN8VlHJrTwXYCvTYVBSw"
    }
]
None | [
    {
        domain gleam.io,
        hostOnly true,
        httpOnly false,
        name fpr,
        path ,
        sameSite no_restriction,
        secure true,
        session true,
        storeId null,
        value 161697f938a4ab4a027b8f86e4787636.45b6c43d402fbe0a43c39459ece75a64
    },
    {
        domain gleam.io,
        expirationDate 1660043669.906801,
        hostOnly true,
        httpOnly false,
        name PP-8LFqX,
        path ,
        sameSite no_restriction,
        secure true,
        session false,
        storeId null,
        value 
    },
    {
        domain gleam.io,
        hostOnly true,
        httpOnly false,
        name XSRF-TOKEN,
        path ,
        sameSite no_restriction,
        secure true,
        session true,
        storeId null,
        value LiL2jiibuYp2mXkm2jKz5HhS6KvdwIY6P4ntKTVQ5zXifVYXHunBzDuIoiuJpOHJlJmuKv2v5sXj4i_xb4D9Rg
    },
    {
        domain gleam.io,
        expirationDate 1660126469.906871,
        hostOnly true,
        httpOnly false,
        name RL-8LFqX,
        path ,
        sameSite no_restriction,
        secure true,
        session false,
        storeId null,
        value https%3A%2F%2Fgleam.io%2F8LFqX%2Ftokensfarm-mega-giveaway
    },
    {
        domain gleam.io,
        expirationDate 1662459269.906932,
        hostOnly true,
        httpOnly true,
        name _app_session,
        path ,
        sameSite no_restriction,
        secure true,
        session false,
        storeId null,
        value gRram75%2FSlluGLmwOPbLrw6%2BXNamuLi7C%2BBQwjUpF%2F42DxOk667FUNMWVmXCY9O%2BOO%2FcmtFsNzA5K9J9i0EeiDa0iBroTBOXDcAQCoTvwIwiFuPEtk9Cv4KGZSIvsDU%2Fqc3Soa3r6h8%2B0oBOcx3yrLhiE9xN2a69cExFTgxKTuZRQepLVbRbM6n3FKnqP9dy5FK9%2BDXnwA7Q1Fm9XJ6ssK64WPYzlOtrpe0C%2BYsHp8h%2BdNu4b8rPhGZaoS5QfVdsY1mfJII5wKvcF%2Bzd7GvUmm0tYiKe9oBLyNqQgBiWY%2BxMlFx9wGCSnetk5zWKYQEJ6GIKf5YAUEZh%2BshKto60ZcfI0n2%2FMMGKfSq6uU96In%2FCam3O5iaq635YR1bA6FvrxyPvha5sUuHRrqj03c5tKUIqXvQM64Itzbnbyx9jdyOu1OM548Iw%2BmwB8coyMQ%3D%3D--%2FGI3L6wBhhlyDFE%2B--z%2BjqbkpCblW64%2FTEGZJNdg%3D%3D
    },
    {
        domain .gleam.io,
        expirationDate 1660041873.469813,
        hostOnly false,
        httpOnly true,
        name __cf_bm,
        path ,
        sameSite no_restriction,
        secure true,
        session false,
        storeId null,
        value AOHsTMIO.HNqZR4Ipd.4.7ozCvx6gJd5yRMbg8dfHyc-1660040073-0-ASoCaEfoYukBREZQuXDw4E8eA6dOpbWlN6GWA9Iq0DBycNXLr2i4NwDKqMajc1K+XlWwt82ftK0wSYJLPnXfx0zAhSFyUjVQ5Ek6SEtsQf73rzYuPnQk0V8fMnmPx5leOgSx8Py6nYIoYzQFiDneZ3IyGZgCaAoa4KwiIfpLQXL
    },
    {
        domain gleam.io,
        hostOnly true,
        httpOnly false,
        name _gfpc,
        path ,
        sameSite no_restriction,
        secure true,
        session true,
        storeId null,
        value c
    },
    {
        domain gleam.io,
        expirationDate 1660126469.906856,
        hostOnly true,
        httpOnly false,
        name owner_token,
        path ,
        sameSite no_restriction,
        secure true,
        session false,
        storeId null,
        value 7vukKqbHnIFIXHX8BDXhQQ
    }
]
None | [
    {
        "domain": ".tokensfarm.com",
        "expirationDate": 1722605819,
        "hostOnly": false,
        "httpOnly": false,
        "name": "_ga_H1RKPEEYDV",
        "path": "/",
        "sameSite": null,
        "secure": false,
        "session": false,
        "storeId": null,
        "value": "GS1.1.1659533761.1.0.1659533819.2"
    },
    {
        "domain": ".tokensfarm.com",
        "expirationDate": 1660138573,
        "hostOnly": false,
        "httpOnly": false,
        "name": "intercom-session-l8wco9uk",
        "path": "/",
        "sameSite": "lax",
        "secure": false,
        "session": false,
        "storeId": null,
        "value": ""
    },
    {
        "domain": ".tokensfarm.com",
        "expirationDate": 1722605769,
        "hostOnly": false,
        "httpOnly": false,
        "name": "_ga",
        "path": "/",
        "sameSite": null,
        "secure": false,
        "session": false,
        "storeId": null,
        "value": "GA1.1.1391449150.1659533761"
    },
    {
        "domain": ".tokensfarm.com",
        "expirationDate": 1722605819,
        "hostOnly": false,
        "httpOnly": false,
        "name": "_ga_8HR4BX1HXS",
        "path": "/",
        "sameSite": null,
        "secure": false,
        "session": false,
        "storeId": null,
        "value": "GS1.1.1659533769.1.0.1659533819.0"
    },
    {
        "domain": ".tokensfarm.com",
        "expirationDate": 1722605819,
        "hostOnly": false,
        "httpOnly": false,
        "name": "_ga_SWS7G5SYY7",
        "path": "/",
        "sameSite": null,
        "secure": false,
        "session": false,
        "storeId": null,
        "value": "GS1.1.1659533761.1.0.1659533819.0"
    },
    {
        "domain": ".tokensfarm.com",
        "expirationDate": 1691073359.516006,
        "hostOnly": false,
        "httpOnly": true,
        "name": "cf_clearance",
        "path": "/",
        "sameSite": "no_restriction",
        "secure": true,
        "session": false,
        "storeId": null,
        "value": "OaHKKjW2IWtlSqsMV8Prm42z.YABrELtlIDMCBr9ic4-1659533759-0-150"
    },
    {
        "domain": ".tokensfarm.com",
        "expirationDate": 1682863773,
        "hostOnly": false,
        "httpOnly": false,
        "name": "intercom-id-l8wco9uk",
        "path": "/",
        "sameSite": "lax",
        "secure": false,
        "session": false,
        "storeId": null,
        "value": "68725ebd-c3e8-4fa6-a150-6aba9905a771"
    }
]
None | [
    {
        "domain": "gleam.io",
        "hostOnly": true,
        "httpOnly": false,
        "name": "fpr",
        "path": "/",
        "sameSite": "no_restriction",
        "secure": true,
        "session": true,
        "storeId": null,
        "value": "70a33941b07b0c632f3195b3fbe126a6.d9491d23e246ab2c450c29934f3264d9"
    },
    {
        "domain": "gleam.io",
        "expirationDate": 1660043819.194854,
        "hostOnly": true,
        "httpOnly": false,
        "name": "PP-8LFqX",
        "path": "/",
        "sameSite": "no_restriction",
        "secure": true,
        "session": false,
        "storeId": null,
        "value": "*"
    },
    {
        "domain": "gleam.io",
        "hostOnly": true,
        "httpOnly": false,
        "name": "XSRF-TOKEN",
        "path": "/",
        "sameSite": "no_restriction",
        "secure": true,
        "session": true,
        "storeId": null,
        "value": "WwMB-JchLmg2QPGfqePzNPhe1c1ebjFul8ck7ZX521yKlu24G9K1HrgwlkBlayBhRZlIkMChUek3QyBJKqkxnw"
    },
    {
        "domain": "gleam.io",
        "expirationDate": 1660126619.195038,
        "hostOnly": true,
        "httpOnly": false,
        "name": "RL-8LFqX",
        "path": "/",
        "sameSite": "no_restriction",
        "secure": true,
        "session": false,
        "storeId": null,
        "value": "https%3A%2F%2Fgleam.io%2F8LFqX%2Ftokensfarm-mega-giveaway"
    },
    {
        "domain": "gleam.io",
        "expirationDate": 1662459419.195092,
        "hostOnly": true,
        "httpOnly": true,
        "name": "_app_session",
        "path": "/",
        "sameSite": "no_restriction",
        "secure": true,
        "session": false,
        "storeId": null,
        "value": "Z27GxDMRIBTxeevAPS%2FYkczjynYv3PqG4u6kme2Pu9it2y8ldFbNRBXrVqwJLo0Owvix7g4xlDwM52Hxp4W2gXTpjhknYI0hSrDWAlRiMhTrsYVgurogWLzHXll768fTm4JAGMUv5qzt%2BZy8yqzym7Y6ljzJ4XdzQ4ptuOCZfwgPJUBTvMN%2BUbkLIvhx%2BpeRkgdGvEb0nOuv3YxGMA2ttyHxGUOO3Djw0XQ2GPMXif8YLKbJvwtHXo5G3LdIFe39imM%2Fmt4zRBcul1m2aqp%2Be0Sf3ZweY5lPKPfctKHaWtTme55BW4iJ2x3L52WsIBrA5%2BeW5ArZosnaxK4z08KuLicv8trlwij64%2FuadvpQqtUmGX0W8Yk0ZjFdClUqkwmmsFHa3DMybB3k04IEshyy392QW2iDqdCD6youDc5dZ6uFiBFbFW7tuX25zA1Pzg%3D%3D--Ms3BstQ4No2R959J--XMoxUYOWvM3kQz%2FpSayJHg%3D%3D"
    },
    {
        "domain": ".gleam.io",
        "expirationDate": 1660042023.121326,
        "hostOnly": false,
        "httpOnly": true,
        "name": "__cf_bm",
        "path": "/",
        "sameSite": "no_restriction",
        "secure": true,
        "session": false,
        "storeId": null,
        "value": "QaEp7mJaKgjazHsNKqEfPPmyosTePCchBvnJMJY6_eA-1660040222-0-AdHIqGgUq8gr/gWfVK5ippqzsIR/KNoxBaUp1si5HF1O0sjVw8DkTV8yleg0o5DDwOA2Ex282Zui19Shk7Fs/dObpTLtnuX0jK3W2mzSdcFeoLa+GO7zYFOTxiNeAqpYaOkmlEuH6SMtyz8+rwbZCfKgNA9/kISRAf4P0F+jbmFL"
    },
    {
        "domain": "gleam.io",
        "hostOnly": true,
        "httpOnly": false,
        "name": "_gfpc",
        "path": "/",
        "sameSite": "no_restriction",
        "secure": true,
        "session": true,
        "storeId": null,
        "value": "c"
    },
    {
        "domain": "gleam.io",
        "expirationDate": 1660126619.195003,
        "hostOnly": true,
        "httpOnly": false,
        "name": "owner_token",
        "path": "/",
        "sameSite": "no_restriction",
        "secure": true,
        "session": false,
        "storeId": null,
        "value": "JmbHwLyFVLuF1Sb02kLsdA"
    }
]
None | [
    {
        "domain": "gleam.io",
        "hostOnly": true,
        "httpOnly": false,
        "name": "fpr",
        "path": "/",
        "sameSite": "no_restriction",
        "secure": true,
        "session": true,
        "storeId": null,
        "value": "f1f1e5924fed077d583c6fb48d405c20.730c50f5395387f64c51ded546a433b1"
    },
    {
        "domain": "gleam.io",
        "expirationDate": 1660043681.648701,
        "hostOnly": true,
        "httpOnly": false,
        "name": "PP-8LFqX",
        "path": "/",
        "sameSite": "no_restriction",
        "secure": true,
        "session": false,
        "storeId": null,
        "value": "*"
    },
    {
        "domain": "gleam.io",
        "hostOnly": true,
        "httpOnly": false,
        "name": "XSRF-TOKEN",
        "path": "/",
        "sameSite": "no_restriction",
        "secure": true,
        "session": true,
        "storeId": null,
        "value": "f-B5m8b5AaCv3Hl24DYueTwA9Iz1j_9d21J4XZz988OMCwN2sNnR6VwLxWOR17tOfHYzgP9Zti61qsePokA0bw"
    },
    {
        "domain": "gleam.io",
        "expirationDate": 1660126481.648771,
        "hostOnly": true,
        "httpOnly": false,
        "name": "RL-8LFqX",
        "path": "/",
        "sameSite": "no_restriction",
        "secure": true,
        "session": false,
        "storeId": null,
        "value": "https%3A%2F%2Fgleam.io%2F8LFqX%2Ftokensfarm-mega-giveaway"
    },
    {
        "domain": "gleam.io",
        "expirationDate": 1662459281.648807,
        "hostOnly": true,
        "httpOnly": true,
        "name": "_app_session",
        "path": "/",
        "sameSite": "no_restriction",
        "secure": true,
        "session": false,
        "storeId": null,
        "value": "m3gQ2Y9tAfXi%2FHL0wnDg4ZlWuCKKjuRueMEP5nJ%2B8mscakvqQ6u3s1RJ3UXvQKHx%2BuxCvuX2YmyltoOGOVXfwGOUWCF0YuETKhTuC02W%2B%2BYRoAj%2F5zykro6Mr6%2BTcdpe8uI1TOzuumEvmlCCCXz2Nb0fb88VXT6UPmuKs7TVVGxip7TlPh6LmZDutSOLwlF6hN%2FOzkdkz7bHaFX7sUCTP9Sdv5pCO%2F8k3wmkQ1pk3q7Wm6BjJBPccKbJJWj0H0t1TRXHbsiMLY5%2Bv7Mt760iBFTT4Q1xzoSSPclfCwGmde%2Fym0pumFBBAWpt914GKidEU5qPdsAp5qHoKoosgd7MMTmcX7ct5eC6CCQKEveFeoAhrst0TwxeG9zQbaq65f7SFxMSPeWZZxj4gK8Byr6nP17yGpMr62uHuBXVPKA4BXDbq6WOyqL%2Fz3zNivTw%2FQ%3D%3D--7zrualG%2BYsT7imlL--cokFkP0i%2Bab4TtbbpwE%2B7g%3D%3D"
    },
    {
        "domain": ".gleam.io",
        "expirationDate": 1660041886.285963,
        "hostOnly": false,
        "httpOnly": true,
        "name": "__cf_bm",
        "path": "/",
        "sameSite": "no_restriction",
        "secure": true,
        "session": false,
        "storeId": null,
        "value": "eXQjl64oUT7YIfdwsw1RHVY1xfYmvIHaRfuPF9AS6Is-1660040085-0-AQG2Ng16U2vvSxZC16bx8AOsQueEUqfW7D2vqQIszTcnzc9/1V+bzE6J8tSK+1V3eP8WbMdfQSxahcK9/mj6NZoSMjrJtCk1HjJ7kCQUdoXIvp8Gb3g1QB77nH4YTIsFyIGP3xYDpSFHhOHn7S2Pk6BZiGc9YW631wUkgynpiMkZ"
    },
    {
        "domain": "gleam.io",
        "hostOnly": true,
        "httpOnly": false,
        "name": "_gfpc",
        "path": "/",
        "sameSite": "no_restriction",
        "secure": true,
        "session": true,
        "storeId": null,
        "value": "c"
    },
    {
        "domain": "gleam.io",
        "expirationDate": 1660126481.648753,
        "hostOnly": true,
        "httpOnly": false,
        "name": "owner_token",
        "path": "/",
        "sameSite": "no_restriction",
        "secure": true,
        "session": false,
        "storeId": null,
        "value": "Gm9PDslo66Dw_O9xMhHYMg"
    }
]
None | [
    {
        "domain": "gleam.io",
        "hostOnly": true,
        "httpOnly": false,
        "name": "fpr",
        "path": "/",
        "sameSite": "no_restriction",
        "secure": true,
        "session": true,
        "storeId": null,
        "value": "ad2d3d4c69b40d297c5ca6a1989f92b5.b21425db7bf9d91c5273caa45a06e6de"
    },
    {
        "domain": "gleam.io",
        "expirationDate": 1660043683.909708,
        "hostOnly": true,
        "httpOnly": false,
        "name": "PP-8LFqX",
        "path": "/",
        "sameSite": "no_restriction",
        "secure": true,
        "session": false,
        "storeId": null,
        "value": "*"
    },
    {
        "domain": "gleam.io",
        "hostOnly": true,
        "httpOnly": false,
        "name": "XSRF-TOKEN",
        "path": "/",
        "sameSite": "no_restriction",
        "secure": true,
        "session": true,
        "storeId": null,
        "value": "Ne5_gegs3BlUbHmieGZ_XHqG1YrUK7KNNJEyysT56aLPzB3gwV2q9j1Nthjs2kczxfwp70A15bhgfgtXJ4LyvQ"
    },
    {
        "domain": "gleam.io",
        "expirationDate": 1660126483.909917,
        "hostOnly": true,
        "httpOnly": false,
        "name": "RL-8LFqX",
        "path": "/",
        "sameSite": "no_restriction",
        "secure": true,
        "session": false,
        "storeId": null,
        "value": "https%3A%2F%2Fgleam.io%2F8LFqX%2Ftokensfarm-mega-giveaway"
    },
    {
        "domain": "gleam.io",
        "expirationDate": 1662459283.910017,
        "hostOnly": true,
        "httpOnly": true,
        "name": "_app_session",
        "path": "/",
        "sameSite": "no_restriction",
        "secure": true,
        "session": false,
        "storeId": null,
        "value": "lSSMdskN53ycL6xTzuYGZQiYCfDOyTT4PhjECZI9OoL%2Bw1VdZH8tbcK0P%2BeQf0qbVb3v837GddEmVX3WrpxGU8cRTZpjg2GvN90azhgh4oh1L552WlI59tLyaAJRJ8nyWJHkD5Z1Wgd4MfBM%2FEPo2N6jAFZDFAPN4Qe%2FuYZjB%2BP2t6vKSKfYRdM34BkZKalqVGT4AdC1%2FDuWKeU0Q2k5Ge3FSmnSNcK86zC%2By5K7jd6gqn6Dkd%2BPaSxLv9PZVndBRumCZqOQOP3xFHqIxI1FTMESC73OosMZ%2FArZ%2FX0TiotVS4PPV3L4RGZBoJUzPmS0LUwsmOP%2FrSAwWOxvPvOJhiL8fTrV%2FuiZ9Aa%2F9Mdx8O5LjNIjJj4g1VQVSvf54stYEXSuYollhE%2BXVG5X6IaKP9wPveM2cVdFGG03pmAnM88d6X%2BR4iqL%2Fs8KrIO0tQ%3D%3D--GPjlF0p3653dpD4K--eZswdr2BtlAqu5%2BttY66zQ%3D%3D"
    },
    {
        "domain": ".gleam.io",
        "expirationDate": 1660041887.774997,
        "hostOnly": false,
        "httpOnly": true,
        "name": "__cf_bm",
        "path": "/",
        "sameSite": "no_restriction",
        "secure": true,
        "session": false,
        "storeId": null,
        "value": "siJWyiwXd1OpfcDgkKTuz5TqyNiM3voObGNdIbW8QG0-1660040087-0-AWDEEXwsB132GzD4ht1rBw1aZz2nYqk9ZtOQdlx0UMRsHUAMscq+qwmZkPf6YXoYSEUTdxUbTSuJR0kY19ySRUMeW8j5anXR48VJIgsTEP0JnRb3zI6H5HZ8RaKAoxg2IZKe7Tg31BiF3VKjXMRzCtozrKt5AHJJcw7Y39q9CLm+"
    },
    {
        "domain": "gleam.io",
        "hostOnly": true,
        "httpOnly": false,
        "name": "_gfpc",
        "path": "/",
        "sameSite": "no_restriction",
        "secure": true,
        "session": true,
        "storeId": null,
        "value": "c"
    },
    {
        "domain": "gleam.io",
        "expirationDate": 1660126483.909863,
        "hostOnly": true,
        "httpOnly": false,
        "name": "owner_token",
        "path": "/",
        "sameSite": "no_restriction",
        "secure": true,
        "session": false,
        "storeId": null,
        "value": "FWKq4rIRBLuTAdujhJKMrg"
    }
]
None | [
    {
        "domain": "gleam.io",
        "hostOnly": true,
        "httpOnly": false,
        "name": "fpr",
        "path": "/",
        "sameSite": "no_restriction",
        "secure": true,
        "session": true,
        "storeId": null,
        "value": "53d5433fec4d2fe326d8e90f42980cc9.57f98169a0ff1ec8ffcdf8b8946aedf8"
    },
    {
        "domain": "gleam.io",
        "expirationDate": 1660043702.403793,
        "hostOnly": true,
        "httpOnly": false,
        "name": "PP-8LFqX",
        "path": "/",
        "sameSite": "no_restriction",
        "secure": true,
        "session": false,
        "storeId": null,
        "value": "*"
    },
    {
        "domain": "gleam.io",
        "hostOnly": true,
        "httpOnly": false,
        "name": "XSRF-TOKEN",
        "path": "/",
        "sameSite": "no_restriction",
        "secure": true,
        "session": true,
        "storeId": null,
        "value": "alhb9btZKfvfkCYdGMLYqjaS1XrzDuRRiNswwWPKYrxXUez37X0JB99DSoI7KNQDWL4yDXd9mvRLzVfX-RC6vg"
    },
    {
        "domain": "gleam.io",
        "expirationDate": 1660126502.404017,
        "hostOnly": true,
        "httpOnly": false,
        "name": "RL-8LFqX",
        "path": "/",
        "sameSite": "no_restriction",
        "secure": true,
        "session": false,
        "storeId": null,
        "value": "https%3A%2F%2Fgleam.io%2F8LFqX%2Ftokensfarm-mega-giveaway"
    },
    {
        "domain": "gleam.io",
        "expirationDate": 1662459302.404318,
        "hostOnly": true,
        "httpOnly": true,
        "name": "_app_session",
        "path": "/",
        "sameSite": "no_restriction",
        "secure": true,
        "session": false,
        "storeId": null,
        "value": "UBAUSqYTqE9C0RnqDWA4hpjXDzL4UjiMSAshy595qtyZVfHsIjM4XBkQ5gSvN79lGZYl0egPAbQshIi0Bysm04Ew1jiAL90emxOYlQCLKyfe12Uyq9ELFThXJbanwztelY1sitggbR65ZHFvEMggs2rGUcpkfU62GE%2BVjFnmF1OqlY%2F4vP9rwX4hfALXCinmkgY6MhJ9%2Fnz3vxZPYMrK8V76EjrwM2qF4he%2Fh7aAQHGdT9hNbtu5axtKuaXBFR5KfJFAYSMgOpa%2BWNteW4QRFDUujOBR%2Bfu1QS0fHUQITCqSa%2F8zqtYXEhLwBzHcWjY46XLBfrsMPETuUOK7W3p1St8qODmmJi57xhSM74W4mM8g2oowvvCoM0SqkwbUjTp4moBdv8S89%2BaqW03gr8N8Hjq9UugY535xgM%2Feq4vi%2BkqxIfAewZppMlP8m1QkHQ%3D%3D--UV2kmCpUPWflCbxB--7OQPD4AQayRBoM75MgLO8g%3D%3D"
    },
    {
        "domain": ".gleam.io",
        "expirationDate": 1660041907.917459,
        "hostOnly": false,
        "httpOnly": true,
        "name": "__cf_bm",
        "path": "/",
        "sameSite": "no_restriction",
        "secure": true,
        "session": false,
        "storeId": null,
        "value": "XRblTcG7ZxH9MuY7PE9edmrI63jCS7BiJNQ6NuifzKw-1660040107-0-AeCCJjWG0IydlBb8grqR3Pyk2ndz+o0E274ntU8LZaeOTaji4OqnUMp2YmdAhmmB63wCv45gPft7lEkDQAsb/Svbx6WLSQNwmUDskstZB45xPGoj4xbI3z5NRuwC7bF8z5aphvBQNuhc3auyt45IH5syYKRFoyOdsnVt2m9OOkG2"
    },
    {
        "domain": "gleam.io",
        "hostOnly": true,
        "httpOnly": false,
        "name": "_gfpc",
        "path": "/",
        "sameSite": "no_restriction",
        "secure": true,
        "session": true,
        "storeId": null,
        "value": "c"
    },
    {
        "domain": "gleam.io",
        "expirationDate": 1660126502.403858,
        "hostOnly": true,
        "httpOnly": false,
        "name": "owner_token",
        "path": "/",
        "sameSite": "no_restriction",
        "secure": true,
        "session": false,
        "storeId": null,
        "value": "e_iWiLN4K5B6AymIaajjwA"
    }
]
None | [
    {
        "domain": "gleam.io",
        "hostOnly": true,
        "httpOnly": false,
        "name": "fpr",
        "path": "/",
        "sameSite": "no_restriction",
        "secure": true,
        "session": true,
        "storeId": null,
        "value": "06d6870452153b18c496e2813ab8c2f5.8d4f66fd0fff9116152fb030aa0d6851"
    },
    {
        "domain": "gleam.io",
        "expirationDate": 1660043680.564149,
        "hostOnly": true,
        "httpOnly": false,
        "name": "PP-8LFqX",
        "path": "/",
        "sameSite": "no_restriction",
        "secure": true,
        "session": false,
        "storeId": null,
        "value": "*"
    },
    {
        "domain": "gleam.io",
        "hostOnly": true,
        "httpOnly": false,
        "name": "XSRF-TOKEN",
        "path": "/",
        "sameSite": "no_restriction",
        "secure": true,
        "session": true,
        "storeId": null,
        "value": "uc9HK5Dzm2o6l7ECyUxdHXJwusYjqX8STeRb7G7-O_r411Lz8WOAAdTjsLyfM9cWJaSMe_GosdAC4C57Km9eNQ"
    },
    {
        "domain": "gleam.io",
        "expirationDate": 1660126480.56426,
        "hostOnly": true,
        "httpOnly": false,
        "name": "RL-8LFqX",
        "path": "/",
        "sameSite": "no_restriction",
        "secure": true,
        "session": false,
        "storeId": null,
        "value": "https%3A%2F%2Fgleam.io%2F8LFqX%2Ftokensfarm-mega-giveaway"
    },
    {
        "domain": "gleam.io",
        "expirationDate": 1662459280.564338,
        "hostOnly": true,
        "httpOnly": true,
        "name": "_app_session",
        "path": "/",
        "sameSite": "no_restriction",
        "secure": true,
        "session": false,
        "storeId": null,
        "value": "frGFLUnrYFAW9wDvtsfc%2FeE6QHc0rKtdfRQ%2FriPMYUzPLEAOfpQ83fOWi17aHu5T1idGsYP0keiLH0Cit8LBvs%2F6mg8RYN38eMu7i3CtPDrm4wpoS7af3TOIGrM6RcsxA2mOXDUVLV%2BLAljLX%2FQgiZvy1QP0xLFUQ2xnDhruYkbvi4lcDUbOdUm%2F3PZjSMUqbw3bDVko%2FzdUDBS2rQ%2BLx9eNy9gWhxJ8sOJXasuWfXW%2FJPJrxcA2dH6%2BEoeJOWkBUTEudMCSNjwJEJ48ZY81hp36rDoUULiut4L%2Bv1MqTwZTgwhD6hzvzAk8n3%2FZXszvI03gK5KZSNj3DnQPmXPGi%2BmeNtPKf1DUWdCELN%2FjgEx3VKpAN8aql6Rz4lfeiRsfgHf2%2BOVb5k5O3xJ3nmHI4LmyJSsl1gjAsskEVEzLeFRtJUUoMFnmacAGakfjZA%3D%3D--IZlUnS9lTLdi2vla--%2FDrGsiK0Q7hyfRXaHGMOlg%3D%3D"
    },
    {
        "domain": ".gleam.io",
        "expirationDate": 1660041885.204043,
        "hostOnly": false,
        "httpOnly": true,
        "name": "__cf_bm",
        "path": "/",
        "sameSite": "no_restriction",
        "secure": true,
        "session": false,
        "storeId": null,
        "value": "JEUAAoLOmGfMgNAGt7aiNX6gdKWpgFerDM6Hwj_JT8s-1660040084-0-ASz0tEb7B/RC6iK5UTF1Wd5o8wJ8OK3h2rh+6ogTWyMOVWogVOTKgIgWQcxt83vgAbc8Wi2HlZ2BU6tqi8MMxOtjfWFBZFmkWix//l5qcWl5RYu+7DPpVK4pXS1WKF2IqIUXRQTLPt5EyD25sjLvhQsmYCaW6Hq6ZTOUoXLOT5MS"
    },
    {
        "domain": "gleam.io",
        "hostOnly": true,
        "httpOnly": false,
        "name": "_gfpc",
        "path": "/",
        "sameSite": "no_restriction",
        "secure": true,
        "session": true,
        "storeId": null,
        "value": "c"
    },
    {
        "domain": "gleam.io",
        "expirationDate": 1660126480.564223,
        "hostOnly": true,
        "httpOnly": false,
        "name": "owner_token",
        "path": "/",
        "sameSite": "no_restriction",
        "secure": true,
        "session": false,
        "storeId": null,
        "value": "oKhN8VlHJrTwXYCvTYVBSw"
    }
]
None | [
    {
        domain gleam.io,
        hostOnly true,
        httpOnly false,
        name fpr,
        path ,
        sameSite no_restriction,
        secure true,
        session true,
        storeId null,
        value 161697f938a4ab4a027b8f86e4787636.45b6c43d402fbe0a43c39459ece75a64
    },
    {
        domain gleam.io,
        expirationDate 1660043669.906801,
        hostOnly true,
        httpOnly false,
        name PP-8LFqX,
        path ,
        sameSite no_restriction,
        secure true,
        session false,
        storeId null,
        value 
    },
    {
        domain gleam.io,
        hostOnly true,
        httpOnly false,
        name XSRF-TOKEN,
        path ,
        sameSite no_restriction,
        secure true,
        session true,
        storeId null,
        value LiL2jiibuYp2mXkm2jKz5HhS6KvdwIY6P4ntKTVQ5zXifVYXHunBzDuIoiuJpOHJlJmuKv2v5sXj4i_xb4D9Rg
    },
    {
        domain gleam.io,
        expirationDate 1660126469.906871,
        hostOnly true,
        httpOnly false,
        name RL-8LFqX,
        path ,
        sameSite no_restriction,
        secure true,
        session false,
        storeId null,
        value https%3A%2F%2Fgleam.io%2F8LFqX%2Ftokensfarm-mega-giveaway
    },
    {
        domain gleam.io,
        expirationDate 1662459269.906932,
        hostOnly true,
        httpOnly true,
        name _app_session,
        path ,
        sameSite no_restriction,
        secure true,
        session false,
        storeId null,
        value gRram75%2FSlluGLmwOPbLrw6%2BXNamuLi7C%2BBQwjUpF%2F42DxOk667FUNMWVmXCY9O%2BOO%2FcmtFsNzA5K9J9i0EeiDa0iBroTBOXDcAQCoTvwIwiFuPEtk9Cv4KGZSIvsDU%2Fqc3Soa3r6h8%2B0oBOcx3yrLhiE9xN2a69cExFTgxKTuZRQepLVbRbM6n3FKnqP9dy5FK9%2BDXnwA7Q1Fm9XJ6ssK64WPYzlOtrpe0C%2BYsHp8h%2BdNu4b8rPhGZaoS5QfVdsY1mfJII5wKvcF%2Bzd7GvUmm0tYiKe9oBLyNqQgBiWY%2BxMlFx9wGCSnetk5zWKYQEJ6GIKf5YAUEZh%2BshKto60ZcfI0n2%2FMMGKfSq6uU96In%2FCam3O5iaq635YR1bA6FvrxyPvha5sUuHRrqj03c5tKUIqXvQM64Itzbnbyx9jdyOu1OM548Iw%2BmwB8coyMQ%3D%3D--%2FGI3L6wBhhlyDFE%2B--z%2BjqbkpCblW64%2FTEGZJNdg%3D%3D
    },
    {
        domain .gleam.io,
        expirationDate 1660041873.469813,
        hostOnly false,
        httpOnly true,
        name __cf_bm,
        path ,
        sameSite no_restriction,
        secure true,
        session false,
        storeId null,
        value AOHsTMIO.HNqZR4Ipd.4.7ozCvx6gJd5yRMbg8dfHyc-1660040073-0-ASoCaEfoYukBREZQuXDw4E8eA6dOpbWlN6GWA9Iq0DBycNXLr2i4NwDKqMajc1K+XlWwt82ftK0wSYJLPnXfx0zAhSFyUjVQ5Ek6SEtsQf73rzYuPnQk0V8fMnmPx5leOgSx8Py6nYIoYzQFiDneZ3IyGZgCaAoa4KwiIfpLQXL
    },
    {
        domain gleam.io,
        hostOnly true,
        httpOnly false,
        name _gfpc,
        path ,
        sameSite no_restriction,
        secure true,
        session true,
        storeId null,
        value c
    },
    {
        domain gleam.io,
        expirationDate 1660126469.906856,
        hostOnly true,
        httpOnly false,
        name owner_token,
        path ,
        sameSite no_restriction,
        secure true,
        session false,
        storeId null,
        value 7vukKqbHnIFIXHX8BDXhQQ
    }
]
None | [
    {
        "domain": "gleam.io",
        "hostOnly": true,
        "httpOnly": false,
        "name": "fpr",
        "path": "/",
        "sameSite": "no_restriction",
        "secure": true,
        "session": true,
        "storeId": null,
        "value": "f1f1e5924fed077d583c6fb48d405c20.730c50f5395387f64c51ded546a433b1"
    },
    {
        "domain": "gleam.io",
        "expirationDate": 1660043681.648701,
        "hostOnly": true,
        "httpOnly": false,
        "name": "PP-8LFqX",
        "path": "/",
        "sameSite": "no_restriction",
        "secure": true,
        "session": false,
        "storeId": null,
        "value": "*"
    },
    {
        "domain": "gleam.io",
        "hostOnly": true,
        "httpOnly": false,
        "name": "XSRF-TOKEN",
        "path": "/",
        "sameSite": "no_restriction",
        "secure": true,
        "session": true,
        "storeId": null,
        "value": "f-B5m8b5AaCv3Hl24DYueTwA9Iz1j_9d21J4XZz988OMCwN2sNnR6VwLxWOR17tOfHYzgP9Zti61qsePokA0bw"
    },
    {
        "domain": "gleam.io",
        "expirationDate": 1660126481.648771,
        "hostOnly": true,
        "httpOnly": false,
        "name": "RL-8LFqX",
        "path": "/",
        "sameSite": "no_restriction",
        "secure": true,
        "session": false,
        "storeId": null,
        "value": "https%3A%2F%2Fgleam.io%2F8LFqX%2Ftokensfarm-mega-giveaway"
    },
    {
        "domain": "gleam.io",
        "expirationDate": 1662459281.648807,
        "hostOnly": true,
        "httpOnly": true,
        "name": "_app_session",
        "path": "/",
        "sameSite": "no_restriction",
        "secure": true,
        "session": false,
        "storeId": null,
        "value": "m3gQ2Y9tAfXi%2FHL0wnDg4ZlWuCKKjuRueMEP5nJ%2B8mscakvqQ6u3s1RJ3UXvQKHx%2BuxCvuX2YmyltoOGOVXfwGOUWCF0YuETKhTuC02W%2B%2BYRoAj%2F5zykro6Mr6%2BTcdpe8uI1TOzuumEvmlCCCXz2Nb0fb88VXT6UPmuKs7TVVGxip7TlPh6LmZDutSOLwlF6hN%2FOzkdkz7bHaFX7sUCTP9Sdv5pCO%2F8k3wmkQ1pk3q7Wm6BjJBPccKbJJWj0H0t1TRXHbsiMLY5%2Bv7Mt760iBFTT4Q1xzoSSPclfCwGmde%2Fym0pumFBBAWpt914GKidEU5qPdsAp5qHoKoosgd7MMTmcX7ct5eC6CCQKEveFeoAhrst0TwxeG9zQbaq65f7SFxMSPeWZZxj4gK8Byr6nP17yGpMr62uHuBXVPKA4BXDbq6WOyqL%2Fz3zNivTw%2FQ%3D%3D--7zrualG%2BYsT7imlL--cokFkP0i%2Bab4TtbbpwE%2B7g%3D%3D"
    },
    {
        "domain": ".gleam.io",
        "expirationDate": 1660041886.285963,
        "hostOnly": false,
        "httpOnly": true,
        "name": "__cf_bm",
        "path": "/",
        "sameSite": "no_restriction",
        "secure": true,
        "session": false,
        "storeId": null,
        "value": "eXQjl64oUT7YIfdwsw1RHVY1xfYmvIHaRfuPF9AS6Is-1660040085-0-AQG2Ng16U2vvSxZC16bx8AOsQueEUqfW7D2vqQIszTcnzc9/1V+bzE6J8tSK+1V3eP8WbMdfQSxahcK9/mj6NZoSMjrJtCk1HjJ7kCQUdoXIvp8Gb3g1QB77nH4YTIsFyIGP3xYDpSFHhOHn7S2Pk6BZiGc9YW631wUkgynpiMkZ"
    },
    {
        "domain": "gleam.io",
        "hostOnly": true,
        "httpOnly": false,
        "name": "_gfpc",
        "path": "/",
        "sameSite": "no_restriction",
        "secure": true,
        "session": true,
        "storeId": null,
        "value": "c"
    },
    {
        "domain": "gleam.io",
        "expirationDate": 1660126481.648753,
        "hostOnly": true,
        "httpOnly": false,
        "name": "owner_token",
        "path": "/",
        "sameSite": "no_restriction",
        "secure": true,
        "session": false,
        "storeId": null,
        "value": "Gm9PDslo66Dw_O9xMhHYMg"
    }
]
None | [
    {
        "domain": "gleam.io",
        "hostOnly": true,
        "httpOnly": false,
        "name": "fpr",
        "path": "/",
        "sameSite": "no_restriction",
        "secure": true,
        "session": true,
        "storeId": null,
        "value": "ad2d3d4c69b40d297c5ca6a1989f92b5.b21425db7bf9d91c5273caa45a06e6de"
    },
    {
        "domain": "gleam.io",
        "expirationDate": 1660043683.909708,
        "hostOnly": true,
        "httpOnly": false,
        "name": "PP-8LFqX",
        "path": "/",
        "sameSite": "no_restriction",
        "secure": true,
        "session": false,
        "storeId": null,
        "value": "*"
    },
    {
        "domain": "gleam.io",
        "hostOnly": true,
        "httpOnly": false,
        "name": "XSRF-TOKEN",
        "path": "/",
        "sameSite": "no_restriction",
        "secure": true,
        "session": true,
        "storeId": null,
        "value": "Ne5_gegs3BlUbHmieGZ_XHqG1YrUK7KNNJEyysT56aLPzB3gwV2q9j1Nthjs2kczxfwp70A15bhgfgtXJ4LyvQ"
    },
    {
        "domain": "gleam.io",
        "expirationDate": 1660126483.909917,
        "hostOnly": true,
        "httpOnly": false,
        "name": "RL-8LFqX",
        "path": "/",
        "sameSite": "no_restriction",
        "secure": true,
        "session": false,
        "storeId": null,
        "value": "https%3A%2F%2Fgleam.io%2F8LFqX%2Ftokensfarm-mega-giveaway"
    },
    {
        "domain": "gleam.io",
        "expirationDate": 1662459283.910017,
        "hostOnly": true,
        "httpOnly": true,
        "name": "_app_session",
        "path": "/",
        "sameSite": "no_restriction",
        "secure": true,
        "session": false,
        "storeId": null,
        "value": "lSSMdskN53ycL6xTzuYGZQiYCfDOyTT4PhjECZI9OoL%2Bw1VdZH8tbcK0P%2BeQf0qbVb3v837GddEmVX3WrpxGU8cRTZpjg2GvN90azhgh4oh1L552WlI59tLyaAJRJ8nyWJHkD5Z1Wgd4MfBM%2FEPo2N6jAFZDFAPN4Qe%2FuYZjB%2BP2t6vKSKfYRdM34BkZKalqVGT4AdC1%2FDuWKeU0Q2k5Ge3FSmnSNcK86zC%2By5K7jd6gqn6Dkd%2BPaSxLv9PZVndBRumCZqOQOP3xFHqIxI1FTMESC73OosMZ%2FArZ%2FX0TiotVS4PPV3L4RGZBoJUzPmS0LUwsmOP%2FrSAwWOxvPvOJhiL8fTrV%2FuiZ9Aa%2F9Mdx8O5LjNIjJj4g1VQVSvf54stYEXSuYollhE%2BXVG5X6IaKP9wPveM2cVdFGG03pmAnM88d6X%2BR4iqL%2Fs8KrIO0tQ%3D%3D--GPjlF0p3653dpD4K--eZswdr2BtlAqu5%2BttY66zQ%3D%3D"
    },
    {
        "domain": ".gleam.io",
        "expirationDate": 1660041887.774997,
        "hostOnly": false,
        "httpOnly": true,
        "name": "__cf_bm",
        "path": "/",
        "sameSite": "no_restriction",
        "secure": true,
        "session": false,
        "storeId": null,
        "value": "siJWyiwXd1OpfcDgkKTuz5TqyNiM3voObGNdIbW8QG0-1660040087-0-AWDEEXwsB132GzD4ht1rBw1aZz2nYqk9ZtOQdlx0UMRsHUAMscq+qwmZkPf6YXoYSEUTdxUbTSuJR0kY19ySRUMeW8j5anXR48VJIgsTEP0JnRb3zI6H5HZ8RaKAoxg2IZKe7Tg31BiF3VKjXMRzCtozrKt5AHJJcw7Y39q9CLm+"
    },
    {
        "domain": "gleam.io",
        "hostOnly": true,
        "httpOnly": false,
        "name": "_gfpc",
        "path": "/",
        "sameSite": "no_restriction",
        "secure": true,
        "session": true,
        "storeId": null,
        "value": "c"
    },
    {
        "domain": "gleam.io",
        "expirationDate": 1660126483.909863,
        "hostOnly": true,
        "httpOnly": false,
        "name": "owner_token",
        "path": "/",
        "sameSite": "no_restriction",
        "secure": true,
        "session": false,
        "storeId": null,
        "value": "FWKq4rIRBLuTAdujhJKMrg"
    }
]
None | [
    {
        "domain": "gleam.io",
        "hostOnly": true,
        "httpOnly": false,
        "name": "fpr",
        "path": "/",
        "sameSite": "no_restriction",
        "secure": true,
        "session": true,
        "storeId": null,
        "value": "53d5433fec4d2fe326d8e90f42980cc9.57f98169a0ff1ec8ffcdf8b8946aedf8"
    },
    {
        "domain": "gleam.io",
        "expirationDate": 1660043702.403793,
        "hostOnly": true,
        "httpOnly": false,
        "name": "PP-8LFqX",
        "path": "/",
        "sameSite": "no_restriction",
        "secure": true,
        "session": false,
        "storeId": null,
        "value": "*"
    },
    {
        "domain": "gleam.io",
        "hostOnly": true,
        "httpOnly": false,
        "name": "XSRF-TOKEN",
        "path": "/",
        "sameSite": "no_restriction",
        "secure": true,
        "session": true,
        "storeId": null,
        "value": "alhb9btZKfvfkCYdGMLYqjaS1XrzDuRRiNswwWPKYrxXUez37X0JB99DSoI7KNQDWL4yDXd9mvRLzVfX-RC6vg"
    },
    {
        "domain": "gleam.io",
        "expirationDate": 1660126502.404017,
        "hostOnly": true,
        "httpOnly": false,
        "name": "RL-8LFqX",
        "path": "/",
        "sameSite": "no_restriction",
        "secure": true,
        "session": false,
        "storeId": null,
        "value": "https%3A%2F%2Fgleam.io%2F8LFqX%2Ftokensfarm-mega-giveaway"
    },
    {
        "domain": "gleam.io",
        "expirationDate": 1662459302.404318,
        "hostOnly": true,
        "httpOnly": true,
        "name": "_app_session",
        "path": "/",
        "sameSite": "no_restriction",
        "secure": true,
        "session": false,
        "storeId": null,
        "value": "UBAUSqYTqE9C0RnqDWA4hpjXDzL4UjiMSAshy595qtyZVfHsIjM4XBkQ5gSvN79lGZYl0egPAbQshIi0Bysm04Ew1jiAL90emxOYlQCLKyfe12Uyq9ELFThXJbanwztelY1sitggbR65ZHFvEMggs2rGUcpkfU62GE%2BVjFnmF1OqlY%2F4vP9rwX4hfALXCinmkgY6MhJ9%2Fnz3vxZPYMrK8V76EjrwM2qF4he%2Fh7aAQHGdT9hNbtu5axtKuaXBFR5KfJFAYSMgOpa%2BWNteW4QRFDUujOBR%2Bfu1QS0fHUQITCqSa%2F8zqtYXEhLwBzHcWjY46XLBfrsMPETuUOK7W3p1St8qODmmJi57xhSM74W4mM8g2oowvvCoM0SqkwbUjTp4moBdv8S89%2BaqW03gr8N8Hjq9UugY535xgM%2Feq4vi%2BkqxIfAewZppMlP8m1QkHQ%3D%3D--UV2kmCpUPWflCbxB--7OQPD4AQayRBoM75MgLO8g%3D%3D"
    },
    {
        "domain": ".gleam.io",
        "expirationDate": 1660041907.917459,
        "hostOnly": false,
        "httpOnly": true,
        "name": "__cf_bm",
        "path": "/",
        "sameSite": "no_restriction",
        "secure": true,
        "session": false,
        "storeId": null,
        "value": "XRblTcG7ZxH9MuY7PE9edmrI63jCS7BiJNQ6NuifzKw-1660040107-0-AeCCJjWG0IydlBb8grqR3Pyk2ndz+o0E274ntU8LZaeOTaji4OqnUMp2YmdAhmmB63wCv45gPft7lEkDQAsb/Svbx6WLSQNwmUDskstZB45xPGoj4xbI3z5NRuwC7bF8z5aphvBQNuhc3auyt45IH5syYKRFoyOdsnVt2m9OOkG2"
    },
    {
        "domain": "gleam.io",
        "hostOnly": true,
        "httpOnly": false,
        "name": "_gfpc",
        "path": "/",
        "sameSite": "no_restriction",
        "secure": true,
        "session": true,
        "storeId": null,
        "value": "c"
    },
    {
        "domain": "gleam.io",
        "expirationDate": 1660126502.403858,
        "hostOnly": true,
        "httpOnly": false,
        "name": "owner_token",
        "path": "/",
        "sameSite": "no_restriction",
        "secure": true,
        "session": false,
        "storeId": null,
        "value": "e_iWiLN4K5B6AymIaajjwA"
    }
]
None | [
    {
        "domain": "gleam.io",
        "hostOnly": true,
        "httpOnly": false,
        "name": "fpr",
        "path": "/",
        "sameSite": "no_restriction",
        "secure": true,
        "session": true,
        "storeId": null,
        "value": "06d6870452153b18c496e2813ab8c2f5.8d4f66fd0fff9116152fb030aa0d6851"
    },
    {
        "domain": "gleam.io",
        "expirationDate": 1660043680.564149,
        "hostOnly": true,
        "httpOnly": false,
        "name": "PP-8LFqX",
        "path": "/",
        "sameSite": "no_restriction",
        "secure": true,
        "session": false,
        "storeId": null,
        "value": "*"
    },
    {
        "domain": "gleam.io",
        "hostOnly": true,
        "httpOnly": false,
        "name": "XSRF-TOKEN",
        "path": "/",
        "sameSite": "no_restriction",
        "secure": true,
        "session": true,
        "storeId": null,
        "value": "uc9HK5Dzm2o6l7ECyUxdHXJwusYjqX8STeRb7G7-O_r411Lz8WOAAdTjsLyfM9cWJaSMe_GosdAC4C57Km9eNQ"
    },
    {
        "domain": "gleam.io",
        "expirationDate": 1660126480.56426,
        "hostOnly": true,
        "httpOnly": false,
        "name": "RL-8LFqX",
        "path": "/",
        "sameSite": "no_restriction",
        "secure": true,
        "session": false,
        "storeId": null,
        "value": "https%3A%2F%2Fgleam.io%2F8LFqX%2Ftokensfarm-mega-giveaway"
    },
    {
        "domain": "gleam.io",
        "expirationDate": 1662459280.564338,
        "hostOnly": true,
        "httpOnly": true,
        "name": "_app_session",
        "path": "/",
        "sameSite": "no_restriction",
        "secure": true,
        "session": false,
        "storeId": null,
        "value": "frGFLUnrYFAW9wDvtsfc%2FeE6QHc0rKtdfRQ%2FriPMYUzPLEAOfpQ83fOWi17aHu5T1idGsYP0keiLH0Cit8LBvs%2F6mg8RYN38eMu7i3CtPDrm4wpoS7af3TOIGrM6RcsxA2mOXDUVLV%2BLAljLX%2FQgiZvy1QP0xLFUQ2xnDhruYkbvi4lcDUbOdUm%2F3PZjSMUqbw3bDVko%2FzdUDBS2rQ%2BLx9eNy9gWhxJ8sOJXasuWfXW%2FJPJrxcA2dH6%2BEoeJOWkBUTEudMCSNjwJEJ48ZY81hp36rDoUULiut4L%2Bv1MqTwZTgwhD6hzvzAk8n3%2FZXszvI03gK5KZSNj3DnQPmXPGi%2BmeNtPKf1DUWdCELN%2FjgEx3VKpAN8aql6Rz4lfeiRsfgHf2%2BOVb5k5O3xJ3nmHI4LmyJSsl1gjAsskEVEzLeFRtJUUoMFnmacAGakfjZA%3D%3D--IZlUnS9lTLdi2vla--%2FDrGsiK0Q7hyfRXaHGMOlg%3D%3D"
    },
    {
        "domain": ".gleam.io",
        "expirationDate": 1660041885.204043,
        "hostOnly": false,
        "httpOnly": true,
        "name": "__cf_bm",
        "path": "/",
        "sameSite": "no_restriction",
        "secure": true,
        "session": false,
        "storeId": null,
        "value": "JEUAAoLOmGfMgNAGt7aiNX6gdKWpgFerDM6Hwj_JT8s-1660040084-0-ASz0tEb7B/RC6iK5UTF1Wd5o8wJ8OK3h2rh+6ogTWyMOVWogVOTKgIgWQcxt83vgAbc8Wi2HlZ2BU6tqi8MMxOtjfWFBZFmkWix//l5qcWl5RYu+7DPpVK4pXS1WKF2IqIUXRQTLPt5EyD25sjLvhQsmYCaW6Hq6ZTOUoXLOT5MS"
    },
    {
        "domain": "gleam.io",
        "hostOnly": true,
        "httpOnly": false,
        "name": "_gfpc",
        "path": "/",
        "sameSite": "no_restriction",
        "secure": true,
        "session": true,
        "storeId": null,
        "value": "c"
    },
    {
        "domain": "gleam.io",
        "expirationDate": 1660126480.564223,
        "hostOnly": true,
        "httpOnly": false,
        "name": "owner_token",
        "path": "/",
        "sameSite": "no_restriction",
        "secure": true,
        "session": false,
        "storeId": null,
        "value": "oKhN8VlHJrTwXYCvTYVBSw"
    }
]
None | [
    {
        domain gleam.io,
        hostOnly true,
        httpOnly false,
        name fpr,
        path ,
        sameSite no_restriction,
        secure true,
        session true,
        storeId null,
        value 161697f938a4ab4a027b8f86e4787636.45b6c43d402fbe0a43c39459ece75a64
    },
    {
        domain gleam.io,
        expirationDate 1660043669.906801,
        hostOnly true,
        httpOnly false,
        name PP-8LFqX,
        path ,
        sameSite no_restriction,
        secure true,
        session false,
        storeId null,
        value 
    },
    {
        domain gleam.io,
        hostOnly true,
        httpOnly false,
        name XSRF-TOKEN,
        path ,
        sameSite no_restriction,
        secure true,
        session true,
        storeId null,
        value LiL2jiibuYp2mXkm2jKz5HhS6KvdwIY6P4ntKTVQ5zXifVYXHunBzDuIoiuJpOHJlJmuKv2v5sXj4i_xb4D9Rg
    },
    {
        domain gleam.io,
        expirationDate 1660126469.906871,
        hostOnly true,
        httpOnly false,
        name RL-8LFqX,
        path ,
        sameSite no_restriction,
        secure true,
        session false,
        storeId null,
        value https%3A%2F%2Fgleam.io%2F8LFqX%2Ftokensfarm-mega-giveaway
    },
    {
        domain gleam.io,
        expirationDate 1662459269.906932,
        hostOnly true,
        httpOnly true,
        name _app_session,
        path ,
        sameSite no_restriction,
        secure true,
        session false,
        storeId null,
        value gRram75%2FSlluGLmwOPbLrw6%2BXNamuLi7C%2BBQwjUpF%2F42DxOk667FUNMWVmXCY9O%2BOO%2FcmtFsNzA5K9J9i0EeiDa0iBroTBOXDcAQCoTvwIwiFuPEtk9Cv4KGZSIvsDU%2Fqc3Soa3r6h8%2B0oBOcx3yrLhiE9xN2a69cExFTgxKTuZRQepLVbRbM6n3FKnqP9dy5FK9%2BDXnwA7Q1Fm9XJ6ssK64WPYzlOtrpe0C%2BYsHp8h%2BdNu4b8rPhGZaoS5QfVdsY1mfJII5wKvcF%2Bzd7GvUmm0tYiKe9oBLyNqQgBiWY%2BxMlFx9wGCSnetk5zWKYQEJ6GIKf5YAUEZh%2BshKto60ZcfI0n2%2FMMGKfSq6uU96In%2FCam3O5iaq635YR1bA6FvrxyPvha5sUuHRrqj03c5tKUIqXvQM64Itzbnbyx9jdyOu1OM548Iw%2BmwB8coyMQ%3D%3D--%2FGI3L6wBhhlyDFE%2B--z%2BjqbkpCblW64%2FTEGZJNdg%3D%3D
    },
    {
        domain .gleam.io,
        expirationDate 1660041873.469813,
        hostOnly false,
        httpOnly true,
        name __cf_bm,
        path ,
        sameSite no_restriction,
        secure true,
        session false,
        storeId null,
        value AOHsTMIO.HNqZR4Ipd.4.7ozCvx6gJd5yRMbg8dfHyc-1660040073-0-ASoCaEfoYukBREZQuXDw4E8eA6dOpbWlN6GWA9Iq0DBycNXLr2i4NwDKqMajc1K+XlWwt82ftK0wSYJLPnXfx0zAhSFyUjVQ5Ek6SEtsQf73rzYuPnQk0V8fMnmPx5leOgSx8Py6nYIoYzQFiDneZ3IyGZgCaAoa4KwiIfpLQXL
    },
    {
        domain gleam.io,
        hostOnly true,
        httpOnly false,
        name _gfpc,
        path ,
        sameSite no_restriction,
        secure true,
        session true,
        storeId null,
        value c
    },
    {
        domain gleam.io,
        expirationDate 1660126469.906856,
        hostOnly true,
        httpOnly false,
        name owner_token,
        path ,
        sameSite no_restriction,
        secure true,
        session false,
        storeId null,
        value 7vukKqbHnIFIXHX8BDXhQQ
    }
]
